Archive member included to satisfy reference by file (symbol)

d:/programfiles/amr/12977f~1.2mp/bin/../lib/gcc/arm-none-eabi/12.2.1/thumb/v7-m/nofp\libg.a(libc_a-exit.o)
                              d:/programfiles/amr/12977f~1.2mp/bin/../lib/gcc/arm-none-eabi/12.2.1/thumb/v7-m/nofp/crt0.o (exit)
d:/programfiles/amr/12977f~1.2mp/bin/../lib/gcc/arm-none-eabi/12.2.1/thumb/v7-m/nofp\libg.a(libc_a-findfp.o)
                              d:/programfiles/amr/12977f~1.2mp/bin/../lib/gcc/arm-none-eabi/12.2.1/thumb/v7-m/nofp\libg.a(libc_a-exit.o) (__stdio_exit_handler)
d:/programfiles/amr/12977f~1.2mp/bin/../lib/gcc/arm-none-eabi/12.2.1/thumb/v7-m/nofp\libg.a(libc_a-fwalk.o)
                              d:/programfiles/amr/12977f~1.2mp/bin/../lib/gcc/arm-none-eabi/12.2.1/thumb/v7-m/nofp\libg.a(libc_a-findfp.o) (_fwalk_sglue)
d:/programfiles/amr/12977f~1.2mp/bin/../lib/gcc/arm-none-eabi/12.2.1/thumb/v7-m/nofp\libg.a(libc_a-printf.o)
                              CMakeFiles/remote_control_nrf.elf.dir/Core/Application/NRF24L01.c.obj (printf)
d:/programfiles/amr/12977f~1.2mp/bin/../lib/gcc/arm-none-eabi/12.2.1/thumb/v7-m/nofp\libg.a(libc_a-puts.o)
                              CMakeFiles/remote_control_nrf.elf.dir/Core/Application/NRF24L01.c.obj (puts)
d:/programfiles/amr/12977f~1.2mp/bin/../lib/gcc/arm-none-eabi/12.2.1/thumb/v7-m/nofp\libg.a(libc_a-stdio.o)
                              d:/programfiles/amr/12977f~1.2mp/bin/../lib/gcc/arm-none-eabi/12.2.1/thumb/v7-m/nofp\libg.a(libc_a-findfp.o) (__sread)
d:/programfiles/amr/12977f~1.2mp/bin/../lib/gcc/arm-none-eabi/12.2.1/thumb/v7-m/nofp\libg.a(libc_a-memset.o)
                              d:/programfiles/amr/12977f~1.2mp/bin/../lib/gcc/arm-none-eabi/12.2.1/thumb/v7-m/nofp/crt0.o (memset)
d:/programfiles/amr/12977f~1.2mp/bin/../lib/gcc/arm-none-eabi/12.2.1/thumb/v7-m/nofp\libg.a(libc_a-closer.o)
                              d:/programfiles/amr/12977f~1.2mp/bin/../lib/gcc/arm-none-eabi/12.2.1/thumb/v7-m/nofp\libg.a(libc_a-stdio.o) (_close_r)
d:/programfiles/amr/12977f~1.2mp/bin/../lib/gcc/arm-none-eabi/12.2.1/thumb/v7-m/nofp\libg.a(libc_a-reent.o)
                              d:/programfiles/amr/12977f~1.2mp/bin/../lib/gcc/arm-none-eabi/12.2.1/thumb/v7-m/nofp\libg.a(libc_a-closer.o) (errno)
d:/programfiles/amr/12977f~1.2mp/bin/../lib/gcc/arm-none-eabi/12.2.1/thumb/v7-m/nofp\libg.a(libc_a-impure.o)
                              d:/programfiles/amr/12977f~1.2mp/bin/../lib/gcc/arm-none-eabi/12.2.1/thumb/v7-m/nofp\libg.a(libc_a-printf.o) (_impure_ptr)
d:/programfiles/amr/12977f~1.2mp/bin/../lib/gcc/arm-none-eabi/12.2.1/thumb/v7-m/nofp\libg.a(libc_a-lseekr.o)
                              d:/programfiles/amr/12977f~1.2mp/bin/../lib/gcc/arm-none-eabi/12.2.1/thumb/v7-m/nofp\libg.a(libc_a-stdio.o) (_lseek_r)
d:/programfiles/amr/12977f~1.2mp/bin/../lib/gcc/arm-none-eabi/12.2.1/thumb/v7-m/nofp\libg.a(libc_a-readr.o)
                              d:/programfiles/amr/12977f~1.2mp/bin/../lib/gcc/arm-none-eabi/12.2.1/thumb/v7-m/nofp\libg.a(libc_a-stdio.o) (_read_r)
d:/programfiles/amr/12977f~1.2mp/bin/../lib/gcc/arm-none-eabi/12.2.1/thumb/v7-m/nofp\libg.a(libc_a-writer.o)
                              d:/programfiles/amr/12977f~1.2mp/bin/../lib/gcc/arm-none-eabi/12.2.1/thumb/v7-m/nofp\libg.a(libc_a-stdio.o) (_write_r)
d:/programfiles/amr/12977f~1.2mp/bin/../lib/gcc/arm-none-eabi/12.2.1/thumb/v7-m/nofp\libg.a(libc_a-errno.o)
                              CMakeFiles/remote_control_nrf.elf.dir/Core/Src/syscalls.c.obj (__errno)
d:/programfiles/amr/12977f~1.2mp/bin/../lib/gcc/arm-none-eabi/12.2.1/thumb/v7-m/nofp\libg.a(libc_a-init.o)
                              d:/programfiles/amr/12977f~1.2mp/bin/../lib/gcc/arm-none-eabi/12.2.1/thumb/v7-m/nofp/crt0.o (__libc_init_array)
d:/programfiles/amr/12977f~1.2mp/bin/../lib/gcc/arm-none-eabi/12.2.1/thumb/v7-m/nofp\libg.a(libc_a-lock.o)
                              d:/programfiles/amr/12977f~1.2mp/bin/../lib/gcc/arm-none-eabi/12.2.1/thumb/v7-m/nofp\libg.a(libc_a-findfp.o) (__retarget_lock_init_recursive)
d:/programfiles/amr/12977f~1.2mp/bin/../lib/gcc/arm-none-eabi/12.2.1/thumb/v7-m/nofp\libg.a(libc_a-strlen-stub.o)
                              d:/programfiles/amr/12977f~1.2mp/bin/../lib/gcc/arm-none-eabi/12.2.1/thumb/v7-m/nofp\libg.a(libc_a-puts.o) (strlen)
d:/programfiles/amr/12977f~1.2mp/bin/../lib/gcc/arm-none-eabi/12.2.1/thumb/v7-m/nofp\libg.a(libc_a-__call_atexit.o)
                              d:/programfiles/amr/12977f~1.2mp/bin/../lib/gcc/arm-none-eabi/12.2.1/thumb/v7-m/nofp\libg.a(libc_a-exit.o) (__call_exitprocs)
d:/programfiles/amr/12977f~1.2mp/bin/../lib/gcc/arm-none-eabi/12.2.1/thumb/v7-m/nofp\libg.a(libc_a-atexit.o)
                              d:/programfiles/amr/12977f~1.2mp/bin/../lib/gcc/arm-none-eabi/12.2.1/thumb/v7-m/nofp\libg.a(libc_a-__call_atexit.o) (atexit)
d:/programfiles/amr/12977f~1.2mp/bin/../lib/gcc/arm-none-eabi/12.2.1/thumb/v7-m/nofp\libg.a(libc_a-freer.o)
[...]
Memory Configuration

Name             Origin             Length             Attributes
RAM              0x20000000         0x00005000         xrw
FLASH            0x08000000         0x00010000         xr
*default*        0x00000000         0xffffffff

Linker script and memory map

LOAD d:/programfiles/amr/12977f~1.2mp/bin/../lib/gcc/arm-none-eabi/12.2.1/thumb/v7-m/nofp/crti.o
LOAD d:/programfiles/amr/12977f~1.2mp/bin/../lib/gcc/arm-none-eabi/12.2.1/thumb/v7-m/nofp/crtbegin.o
LOAD d:/programfiles/amr/12977f~1.2mp/bin/../lib/gcc/arm-none-eabi/12.2.1/thumb/v7-m/nofp/crt0.o
LOAD CMakeFiles/remote_control_nrf.elf.dir/Core/Application/NRF24L01.c.obj
LOAD CMakeFiles/remote_control_nrf.elf.dir/Core/Application/UART_DMA.c.obj
LOAD CMakeFiles/remote_control_nrf.elf.dir/Core/Application/adc_analys.c.obj
LOAD CMakeFiles/remote_control_nrf.elf.dir/Core/Application/data.c.obj
LOAD CMakeFiles/remote_control_nrf.elf.dir/Core/Src/adc.c.obj
LOAD CMakeFiles/remote_control_nrf.elf.dir/Core/Src/dma.c.obj
LOAD CMakeFiles/remote_control_nrf.elf.dir/Core/Src/gpio.c.obj
LOAD CMakeFiles/remote_control_nrf.elf.dir/Core/Src/main.c.obj
LOAD CMakeFiles/remote_control_nrf.elf.dir/Core/Src/spi.c.obj
LOAD CMakeFiles/remote_control_nrf.elf.dir/Core/Src/stm32f1xx_hal_msp.c.obj
LOAD CMakeFiles/remote_control_nrf.elf.dir/Core/Src/stm32f1xx_it.c.obj
LOAD CMakeFiles/remote_control_nrf.elf.dir/Core/Src/syscalls.c.obj
LOAD CMakeFiles/remote_control_nrf.elf.dir/Core/Src/sysmem.c.obj
LOAD CMakeFiles/remote_control_nrf.elf.dir/Core/Src/system_stm32f1xx.c.obj
LOAD CMakeFiles/remote_control_nrf.elf.dir/Core/Src/usart.c.obj
LOAD CMakeFiles/remote_control_nrf.elf.dir/Core/Startup/startup_stm32f103c8tx.s.obj
LOAD CMakeFiles/remote_control_nrf.elf.dir/Drivers/STM32F1xx_HAL_Driver/Src/stm32f1xx_hal.c.obj
LOAD CMakeFiles/remote_control_nrf.elf.dir/Drivers/STM32F1xx_HAL_Driver/Src/stm32f1xx_hal_adc.c.obj
LOAD CMakeFiles/remote_control_nrf.elf.dir/Drivers/STM32F1xx_HAL_Driver/Src/stm32f1xx_hal_adc_ex.c.obj
LOAD CMakeFiles/remote_control_nrf.elf.dir/Drivers/STM32F1xx_HAL_Driver/Src/stm32f1xx_hal_cortex.c.obj
LOAD CMakeFiles/remote_control_nrf.elf.dir/Drivers/STM32F1xx_HAL_Driver/Src/stm32f1xx_hal_dma.c.obj
LOAD CMakeFiles/remote_control_nrf.elf.dir/Drivers/STM32F1xx_HAL_Driver/Src/stm32f1xx_hal_exti.c.obj
LOAD CMakeFiles/remote_control_nrf.elf.dir/Drivers/STM32F1xx_HAL_Driver/Src/stm32f1xx_hal_flash.c.obj
LOAD CMakeFiles/remote_control_nrf.elf.dir/Drivers/STM32F1xx_HAL_Driver/Src/stm32f1xx_hal_flash_ex.c.obj
LOAD CMakeFiles/remote_control_nrf.elf.dir/Drivers/STM32F1xx_HAL_Driver/Src/stm32f1xx_hal_gpio.c.obj
LOAD CMakeFiles/remote_control_nrf.elf.dir/Drivers/STM32F1xx_HAL_Driver/Src/stm32f1xx_hal_gpio_ex.c.obj
LOAD CMakeFiles/remote_control_nrf.elf.dir/Drivers/STM32F1xx_HAL_Driver/Src/stm32f1xx_hal_pwr.c.obj
LOAD CMakeFiles/remote_control_nrf.elf.dir/Drivers/STM32F1xx_HAL_Driver/Src/stm32f1xx_hal_rcc.c.obj
LOAD CMakeFiles/remote_control_nrf.elf.dir/Drivers/STM32F1xx_HAL_Driver/Src/stm32f1xx_hal_rcc_ex.c.obj
LOAD CMakeFiles/remote_control_nrf.elf.dir/Drivers/STM32F1xx_HAL_Driver/Src/stm32f1xx_hal_spi.c.obj
LOAD CMakeFiles/remote_control_nrf.elf.dir/Drivers/STM32F1xx_HAL_Driver/Src/stm32f1xx_hal_tim.c.obj
LOAD CMakeFiles/remote_control_nrf.elf.dir/Drivers/STM32F1xx_HAL_Driver/Src/stm32f1xx_hal_tim_ex.c.obj
LOAD CMakeFiles/remote_control_nrf.elf.dir/Drivers/STM32F1xx_HAL_Driver/Src/stm32f1xx_hal_uart.c.obj
START GROUP
LOAD d:/programfiles/amr/12977f~1.2mp/bin/../lib/gcc/arm-none-eabi/12.2.1/thumb/v7-m/nofp\libgcc.a
LOAD d:/programfiles/amr/12977f~1.2mp/bin/../lib/gcc/arm-none-eabi/12.2.1/thumb/v7-m/nofp\libg.a
LOAD d:/programfiles/amr/12977f~1.2mp/bin/../lib/gcc/arm-none-eabi/12.2.1/thumb/v7-m/nofp\libc.a
END GROUP
LOAD d:/programfiles/amr/12977f~1.2mp/bin/../lib/gcc/arm-none-eabi/12.2.1/thumb/v7-m/nofp/crtend.o
LOAD d:/programfiles/amr/12977f~1.2mp/bin/../lib/gcc/arm-none-eabi/12.2.1/thumb/v7-m/nofp/crtn.o
                0x20005000                        _estack = (ORIGIN (RAM) + LENGTH (RAM))
                0x00000200                        _Min_Heap_Size = 0x200
                0x00000400                        _Min_Stack_Size = 0x400

.isr_vector     0x08000000      0x10c
                0x08000000                        . = ALIGN (0x4)
 *(.isr_vector)
 .isr_vector    0x08000000      0x10c CMakeFiles/remote_control_nrf.elf.dir/Core/Startup/startup_stm32f103c8tx.s.obj
                0x08000000                g_pfnVectors
                0x0800010c                        . = ALIGN (0x4)

.text           0x08000110     0xaa80
                0x08000110                        . = ALIGN (0x4)
 *(.text)
 .text          0x08000110       0xec d:/programfiles/amr/12977f~1.2mp/bin/../lib/gcc/arm-none-eabi/12.2.1/thumb/v7-m/nofp\libg.a(libc_a-memcpy.o)
                0x08000110                memcpy
 .text          0x080001fc      0x378 d:/programfiles/amr/12977f~1.2mp/bin/../lib/gcc/arm-none-eabi/12.2.1/thumb/v7-m/nofp\libgcc.a(_arm_addsubdf3.o)
                0x080001fc                __aeabi_drsub
                0x08000204                __aeabi_dsub
                0x08000204                __subdf3
                0x08000208                __aeabi_dadd
                0x08000208                __adddf3
                0x08000480                __floatunsidf
                0x08000480                __aeabi_ui2d
                0x080004a0                __floatsidf
                0x080004a0                __aeabi_i2d
                0x080004c4                __aeabi_f2d
                0x080004c4                __extendsfdf2
                0x08000508                __floatundidf
                0x08000508                __aeabi_ul2d
                0x08000518                __floatdidf
                0x08000518                __aeabi_l2d
 .text          0x08000574      0x424 d:/programfiles/amr/12977f~1.2mp/bin/../lib/gcc/arm-none-eabi/12.2.1/thumb/v7-m/nofp\libgcc.a(_arm_muldivdf3.o)
                0x08000574                __aeabi_dmul
                0x08000574                __muldf3
                0x080007c8                __divdf3
                0x080007c8                __aeabi_ddiv
 .text          0x08000998      0x110 d:/programfiles/amr/12977f~1.2mp/bin/../lib/gcc/arm-none-eabi/12.2.1/thumb/v7-m/nofp\libgcc.a(_arm_cmpdf2.o)
                0x08000998                __gtdf2
                0x08000998                __gedf2
                0x080009a0                __ltdf2
                0x080009a0                __ledf2
                0x080009a8                __nedf2
                0x080009a8                __eqdf2
                0x080009a8                __cmpdf2
                0x08000a24                __aeabi_cdrcmple
                0x08000a34                __aeabi_cdcmpeq
                0x08000a34                __aeabi_cdcmple
                0x08000a44                __aeabi_dcmpeq
                0x08000a58                __aeabi_dcmplt
                0x08000a6c                __aeabi_dcmple
                0x08000a80                __aeabi_dcmpge
                0x08000a94                __aeabi_dcmpgt
 .text          0x08000aa8       0x2c d:/programfiles/amr/12977f~1.2mp/bin/../lib/gcc/arm-none-eabi/12.2.1/thumb/v7-m/nofp\libgcc.a(_arm_unorddf2.o)
                0x08000aa8                __unorddf2
                0x08000aa8                __aeabi_dcmpun
 .text          0x08000ad4       0x50 d:/programfiles/amr/12977f~1.2mp/bin/../lib/gcc/arm-none-eabi/12.2.1/thumb/v7-m/nofp\libgcc.a(_arm_fixdfsi.o)
                0x08000ad4                __aeabi_d2iz
                0x08000ad4                __fixdfsi
 *(.text*)
 .text.deregister_tm_clones
                0x08000b24       0x1c d:/programfiles/amr/12977f~1.2mp/bin/../lib/gcc/arm-none-eabi/12.2.1/thumb/v7-m/nofp/crtbegin.o
 .text.register_tm_clones
                0x08000b40       0x24 d:/programfiles/amr/12977f~1.2mp/bin/../lib/gcc/arm-none-eabi/12.2.1/thumb/v7-m/nofp/crtbegin.o
 .text.__do_global_dtors_aux
                0x08000b64       0x28 d:/programfiles/amr/12977f~1.2mp/bin/../lib/gcc/arm-none-eabi/12.2.1/thumb/v7-m/nofp/crtbegin.o
 .text.frame_dummy
                0x08000b8c       0x24 d:/programfiles/amr/12977f~1.2mp/bin/../lib/gcc/arm-none-eabi/12.2.1/thumb/v7-m/nofp/crtbegin.o
 .text.NRF24L01_Init
                0x08000bb0       0x24 CMakeFiles/remote_control_nrf.elf.dir/Core/Application/NRF24L01.c.obj
                0x08000bb0                NRF24L01_Init
 .text.nRF24_SPI_Send_Byte
                0x08000bd4       0x2c CMakeFiles/remote_control_nrf.elf.dir/Core/Application/NRF24L01.c.obj
                0x08000bd4                nRF24_SPI_Send_Byte
 .text.NRF24L01_Write_Reg
                0x08000c00       0x38 CMakeFiles/remote_control_nrf.elf.dir/Core/Application/NRF24L01.c.obj
                0x08000c00                NRF24L01_Write_Reg
 .text.NRF24L01_Read_Reg
                0x08000c38       0x34 CMakeFiles/remote_control_nrf.elf.dir/Core/Application/NRF24L01.c.obj
                0x08000c38                NRF24L01_Read_Reg
 .text.NRF24L01_Read_Buf
                0x08000c6c       0x44 CMakeFiles/remote_control_nrf.elf.dir/Core/Application/NRF24L01.c.obj
                0x08000c6c                NRF24L01_Read_Buf
 .text.NRF24L01_Write_Buf
                0x08000cb0       0x44 CMakeFiles/remote_control_nrf.elf.dir/Core/Application/NRF24L01.c.obj
                0x08000cb0                NRF24L01_Write_Buf
 .text.NRF24L01_Check
                0x08000cf4       0x68 CMakeFiles/remote_control_nrf.elf.dir/Core/Application/NRF24L01.c.obj
                0x08000cf4                NRF24L01_Check
 .text.TX_Mode_ack_data
                0x08000d5c       0xa4 CMakeFiles/remote_control_nrf.elf.dir/Core/Application/NRF24L01.c.obj
                0x08000d5c                TX_Mode_ack_data
 .text.NRF24L01_TxPacket_ack_data
                0x08000e00      0x104 CMakeFiles/remote_control_nrf.elf.dir/Core/Application/NRF24L01.c.obj
                0x08000e00                NRF24L01_TxPacket_ack_data
 .text.UART1_Receive_Serve
                0x08000f04       0x7c CMakeFiles/remote_control_nrf.elf.dir/Core/Application/UART_DMA.c.obj
 .text.UART2_Receive_Serve
                0x08000f80       0x14 CMakeFiles/remote_control_nrf.elf.dir/Core/Application/UART_DMA.c.obj
 .text.UART_DMA_Receive_init
                0x08000f94       0x12 CMakeFiles/remote_control_nrf.elf.dir/Core/Application/UART_DMA.c.obj
                0x08000f94                UART_DMA_Receive_init
 *fill*         0x08000fa6        0x2 
 .text.UART_DMA_Receive_IT
                0x08000fa8       0x74 CMakeFiles/remote_control_nrf.elf.dir/Core/Application/UART_DMA.c.obj
                0x08000fa8                UART_DMA_Receive_IT
 .text.HAL_UART_ErrorCallback
                0x0800101c       0x26 CMakeFiles/remote_control_nrf.elf.dir/Core/Application/UART_DMA.c.obj
                0x0800101c                HAL_UART_ErrorCallback
 *fill*         0x08001042        0x2 
 .text.rc_band_limit
                0x08001044       0x28 CMakeFiles/remote_control_nrf.elf.dir/Core/Application/adc_analys.c.obj
                0x08001044                rc_band_limit
 .text.AD_Value_init
                0x0800106c       0x14 CMakeFiles/remote_control_nrf.elf.dir/Core/Application/adc_analys.c.obj
                0x0800106c                AD_Value_init
 .text.Typ_init
                0x08001080      0x120 CMakeFiles/remote_control_nrf.elf.dir/Core/Application/adc_analys.c.obj
                0x08001080                Typ_init
 .text.ADC_Average
                0x080011a0       0x74 CMakeFiles/remote_control_nrf.elf.dir/Core/Application/adc_analys.c.obj
                0x080011a0                ADC_Average
 .text.ADC_Converting
                0x08001214       0x8c CMakeFiles/remote_control_nrf.elf.dir/Core/Application/adc_analys.c.obj
                0x08001214                ADC_Converting
 .text.KEY_Function
                0x080012a0      0x188 CMakeFiles/remote_control_nrf.elf.dir/Core/Application/adc_analys.c.obj
                0x080012a0                KEY_Function
 .text.data_format_nrf
                0x08001428      0x114 CMakeFiles/remote_control_nrf.elf.dir/Core/Application/data.c.obj
                0x08001428                data_format_nrf
 .text.MX_ADC1_Init
                0x0800153c       0xa8 CMakeFiles/remote_control_nrf.elf.dir/Core/Src/adc.c.obj
                0x0800153c                MX_ADC1_Init
 .text.HAL_ADC_MspInit
                0x080015e4       0x9c CMakeFiles/remote_control_nrf.elf.dir/Core/Src/adc.c.obj
                0x080015e4                HAL_ADC_MspInit
 .text.MX_DMA_Init
                0x08001680       0x54 CMakeFiles/remote_control_nrf.elf.dir/Core/Src/dma.c.obj
                0x08001680                MX_DMA_Init
 .text.MX_GPIO_Init
                0x080016d4      0x134 CMakeFiles/remote_control_nrf.elf.dir/Core/Src/gpio.c.obj
                0x080016d4                MX_GPIO_Init
 .text.Error_Handler
                0x08001808        0x4 CMakeFiles/remote_control_nrf.elf.dir/Core/Src/main.c.obj
                0x08001808                Error_Handler
 .text.SystemClock_Config
                0x0800180c       0x84 CMakeFiles/remote_control_nrf.elf.dir/Core/Src/main.c.obj
                0x0800180c                SystemClock_Config
 .text.main     0x08001890      0x3f0 CMakeFiles/remote_control_nrf.elf.dir/Core/Src/main.c.obj
                0x08001890                main
 .text.MX_SPI2_Init
                0x08001c80       0x44 CMakeFiles/remote_control_nrf.elf.dir/Core/Src/spi.c.obj
                0x08001c80                MX_SPI2_Init
 .text.HAL_SPI_MspInit
                0x08001cc4       0x78 CMakeFiles/remote_control_nrf.elf.dir/Core/Src/spi.c.obj
                0x08001cc4                HAL_SPI_MspInit
 .text.HAL_MspInit
                0x08001d3c       0x44 CMakeFiles/remote_control_nrf.elf.dir/Core/Src/stm32f1xx_hal_msp.c.obj
                0x08001d3c                HAL_MspInit
 .text.NMI_Handler
                0x08001d80        0x2 CMakeFiles/remote_control_nrf.elf.dir/Core/Src/stm32f1xx_it.c.obj
                0x08001d80                NMI_Handler
 .text.HardFault_Handler
                0x08001d82        0x2 CMakeFiles/remote_control_nrf.elf.dir/Core/Src/stm32f1xx_it.c.obj
                0x08001d82                HardFault_Handler
 .text.MemManage_Handler
                0x08001d84        0x2 CMakeFiles/remote_control_nrf.elf.dir/Core/Src/stm32f1xx_it.c.obj
                0x08001d84                MemManage_Handler
 .text.BusFault_Handler
                0x08001d86        0x2 CMakeFiles/remote_control_nrf.elf.dir/Core/Src/stm32f1xx_it.c.obj
                0x08001d86                BusFault_Handler
 .text.UsageFault_Handler
                0x08001d88        0x2 CMakeFiles/remote_control_nrf.elf.dir/Core/Src/stm32f1xx_it.c.obj
                0x08001d88                UsageFault_Handler
 .text.SVC_Handler
                0x08001d8a        0x2 CMakeFiles/remote_control_nrf.elf.dir/Core/Src/stm32f1xx_it.c.obj
                0x08001d8a                SVC_Handler
 .text.DebugMon_Handler
                0x08001d8c        0x2 CMakeFiles/remote_control_nrf.elf.dir/Core/Src/stm32f1xx_it.c.obj
                0x08001d8c                DebugMon_Handler
 .text.PendSV_Handler
                0x08001d8e        0x2 CMakeFiles/remote_control_nrf.elf.dir/Core/Src/stm32f1xx_it.c.obj
                0x08001d8e                PendSV_Handler
 .text.SysTick_Handler
                0x08001d90        0x8 CMakeFiles/remote_control_nrf.elf.dir/Core/Src/stm32f1xx_it.c.obj
                0x08001d90                SysTick_Handler
 .text.DMA1_Channel1_IRQHandler
                0x08001d98       0x10 CMakeFiles/remote_control_nrf.elf.dir/Core/Src/stm32f1xx_it.c.obj
                0x08001d98                DMA1_Channel1_IRQHandler
 .text.DMA1_Channel5_IRQHandler
                0x08001da8       0x10 CMakeFiles/remote_control_nrf.elf.dir/Core/Src/stm32f1xx_it.c.obj
                0x08001da8                DMA1_Channel5_IRQHandler
 .text.DMA1_Channel6_IRQHandler
                0x08001db8       0x10 CMakeFiles/remote_control_nrf.elf.dir/Core/Src/stm32f1xx_it.c.obj
                0x08001db8                DMA1_Channel6_IRQHandler
 .text.USART1_IRQHandler
                0x08001dc8       0x24 CMakeFiles/remote_control_nrf.elf.dir/Core/Src/stm32f1xx_it.c.obj
                0x08001dc8                USART1_IRQHandler
 .text.USART2_IRQHandler
                0x08001dec       0x24 CMakeFiles/remote_control_nrf.elf.dir/Core/Src/stm32f1xx_it.c.obj
                0x08001dec                USART2_IRQHandler
 .text._getpid  0x08001e10        0x4 CMakeFiles/remote_control_nrf.elf.dir/Core/Src/syscalls.c.obj
                0x08001e10                _getpid
 .text._kill    0x08001e14       0x10 CMakeFiles/remote_control_nrf.elf.dir/Core/Src/syscalls.c.obj
                0x08001e14                _kill
 .text._exit    0x08001e24        0xc CMakeFiles/remote_control_nrf.elf.dir/Core/Src/syscalls.c.obj
                0x08001e24                _exit
 .text._read    0x08001e30       0x20 CMakeFiles/remote_control_nrf.elf.dir/Core/Src/syscalls.c.obj
                0x08001e30                _read
 .text._write   0x08001e50       0x1c CMakeFiles/remote_control_nrf.elf.dir/Core/Src/syscalls.c.obj
                0x08001e50                _write
 .text._close   0x08001e6c        0x6 CMakeFiles/remote_control_nrf.elf.dir/Core/Src/syscalls.c.obj
                0x08001e6c                _close
 .text._fstat   0x08001e72        0xa CMakeFiles/remote_control_nrf.elf.dir/Core/Src/syscalls.c.obj
                0x08001e72                _fstat
 .text._isatty  0x08001e7c        0x4 CMakeFiles/remote_control_nrf.elf.dir/Core/Src/syscalls.c.obj
                0x08001e7c                _isatty
 .text._lseek   0x08001e80        0x4 CMakeFiles/remote_control_nrf.elf.dir/Core/Src/syscalls.c.obj
                0x08001e80                _lseek
 .text._sbrk    0x08001e84       0x48 CMakeFiles/remote_control_nrf.elf.dir/Core/Src/sysmem.c.obj
                0x08001e84                _sbrk
 .text.SystemInit
                0x08001ecc        0x2 CMakeFiles/remote_control_nrf.elf.dir/Core/Src/system_stm32f1xx.c.obj
                0x08001ecc                SystemInit
 *fill*         0x08001ece        0x2 
 .text.MX_USART1_UART_Init
                0x08001ed0       0x34 CMakeFiles/remote_control_nrf.elf.dir/Core/Src/usart.c.obj
                0x08001ed0                MX_USART1_UART_Init
 .text.MX_USART2_UART_Init
                0x08001f04       0x34 CMakeFiles/remote_control_nrf.elf.dir/Core/Src/usart.c.obj
                0x08001f04                MX_USART2_UART_Init
 .text.HAL_UART_MspInit
                0x08001f38      0x160 CMakeFiles/remote_control_nrf.elf.dir/Core/Src/usart.c.obj
                0x08001f38                HAL_UART_MspInit
 .text.__io_putchar
                0x08002098       0x20 CMakeFiles/remote_control_nrf.elf.dir/Core/Src/usart.c.obj
                0x08002098                __io_putchar
 .text.Reset_Handler
                0x080020b8       0x48 CMakeFiles/remote_control_nrf.elf.dir/Core/Startup/startup_stm32f103c8tx.s.obj
                0x080020b8                Reset_Handler
 .text.Default_Handler
                0x08002100        0x2 CMakeFiles/remote_control_nrf.elf.dir/Core/Startup/startup_stm32f103c8tx.s.obj
                0x08002100                RTC_Alarm_IRQHandler
                0x08002100                EXTI2_IRQHandler
                0x08002100                TIM1_CC_IRQHandler
                0x08002100                PVD_IRQHandler
                0x08002100                EXTI3_IRQHandler
                0x08002100                EXTI0_IRQHandler
                0x08002100                I2C2_EV_IRQHandler
                0x08002100                ADC1_2_IRQHandler
                0x08002100                SPI1_IRQHandler
                0x08002100                TAMPER_IRQHandler
                0x08002100                DMA1_Channel4_IRQHandler
                0x08002100                USART3_IRQHandler
                0x08002100                RTC_IRQHandler
                0x08002100                DMA1_Channel7_IRQHandler
                0x08002100                CAN1_RX1_IRQHandler
                0x08002100                TIM4_IRQHandler
                0x08002100                I2C1_EV_IRQHandler
                0x08002100                TIM3_IRQHandler
                0x08002100                RCC_IRQHandler
                0x08002100                TIM1_TRG_COM_IRQHandler
                0x08002100                Default_Handler
                0x08002100                EXTI15_10_IRQHandler
                0x08002100                EXTI9_5_IRQHandler
                0x08002100                SPI2_IRQHandler
                0x08002100                EXTI4_IRQHandler
                0x08002100                USB_LP_CAN1_RX0_IRQHandler
                0x08002100                USB_HP_CAN1_TX_IRQHandler
                0x08002100                DMA1_Channel3_IRQHandler
                0x08002100                TIM1_UP_IRQHandler
                0x08002100                WWDG_IRQHandler
                0x08002100                TIM2_IRQHandler
                0x08002100                TIM1_BRK_IRQHandler
                0x08002100                EXTI1_IRQHandler
                0x08002100                I2C2_ER_IRQHandler
                0x08002100                DMA1_Channel2_IRQHandler
                0x08002100                CAN1_SCE_IRQHandler
                0x08002100                FLASH_IRQHandler
                0x08002100                I2C1_ER_IRQHandler
                0x08002100                USBWakeUp_IRQHandler
 *fill*         0x08002102        0x2 
 .text.HAL_InitTick
                0x08002104       0x4c CMakeFiles/remote_control_nrf.elf.dir/Drivers/STM32F1xx_HAL_Driver/Src/stm32f1xx_hal.c.obj
                0x08002104                HAL_InitTick
 .text.HAL_Init
                0x08002150       0x24 CMakeFiles/remote_control_nrf.elf.dir/Drivers/STM32F1xx_HAL_Driver/Src/stm32f1xx_hal.c.obj
                0x08002150                HAL_Init
 .text.HAL_IncTick
                0x08002174       0x18 CMakeFiles/remote_control_nrf.elf.dir/Drivers/STM32F1xx_HAL_Driver/Src/stm32f1xx_hal.c.obj
                0x08002174                HAL_IncTick
 .text.HAL_GetTick
                0x0800218c        0xc CMakeFiles/remote_control_nrf.elf.dir/Drivers/STM32F1xx_HAL_Driver/Src/stm32f1xx_hal.c.obj
                0x0800218c                HAL_GetTick
 .text.HAL_Delay
                0x08002198       0x28 CMakeFiles/remote_control_nrf.elf.dir/Drivers/STM32F1xx_HAL_Driver/Src/stm32f1xx_hal.c.obj
                0x08002198                HAL_Delay
 .text.HAL_ADC_ConvCpltCallback
                0x080021c0        0x2 CMakeFiles/remote_control_nrf.elf.dir/Drivers/STM32F1xx_HAL_Driver/Src/stm32f1xx_hal_adc.c.obj
                0x080021c0                HAL_ADC_ConvCpltCallback
 .text.ADC_DMAConvCplt
                0x080021c2       0x52 CMakeFiles/remote_control_nrf.elf.dir/Drivers/STM32F1xx_HAL_Driver/Src/stm32f1xx_hal_adc.c.obj
                0x080021c2                ADC_DMAConvCplt
 .text.HAL_ADC_ConvHalfCpltCallback
                0x08002214        0x2 CMakeFiles/remote_control_nrf.elf.dir/Drivers/STM32F1xx_HAL_Driver/Src/stm32f1xx_hal_adc.c.obj
                0x08002214                HAL_ADC_ConvHalfCpltCallback
 .text.ADC_DMAHalfConvCplt
                0x08002216        0xa CMakeFiles/remote_control_nrf.elf.dir/Drivers/STM32F1xx_HAL_Driver/Src/stm32f1xx_hal_adc.c.obj
                0x08002216                ADC_DMAHalfConvCplt
 .text.HAL_ADC_ErrorCallback
                0x08002220        0x2 CMakeFiles/remote_control_nrf.elf.dir/Drivers/STM32F1xx_HAL_Driver/Src/stm32f1xx_hal_adc.c.obj
                0x08002220                HAL_ADC_ErrorCallback
 .text.ADC_DMAError
                0x08002222       0x1a CMakeFiles/remote_control_nrf.elf.dir/Drivers/STM32F1xx_HAL_Driver/Src/stm32f1xx_hal_adc.c.obj
                0x08002222                ADC_DMAError
 .text.HAL_ADC_ConfigChannel
                0x0800223c      0x140 CMakeFiles/remote_control_nrf.elf.dir/Drivers/STM32F1xx_HAL_Driver/Src/stm32f1xx_hal_adc.c.obj
                0x0800223c                HAL_ADC_ConfigChannel
 .text.ADC_Enable
                0x0800237c       0x88 CMakeFiles/remote_control_nrf.elf.dir/Drivers/STM32F1xx_HAL_Driver/Src/stm32f1xx_hal_adc.c.obj
                0x0800237c                ADC_Enable
 .text.HAL_ADC_Start_DMA
                0x08002404      0x130 CMakeFiles/remote_control_nrf.elf.dir/Drivers/STM32F1xx_HAL_Driver/Src/stm32f1xx_hal_adc.c.obj
                0x08002404                HAL_ADC_Start_DMA
 .text.ADC_ConversionStop_Disable
                0x08002534       0x56 CMakeFiles/remote_control_nrf.elf.dir/Drivers/STM32F1xx_HAL_Driver/Src/stm32f1xx_hal_adc.c.obj
                0x08002534                ADC_ConversionStop_Disable
 *fill*         0x0800258a        0x2 
 .text.HAL_ADC_Init
                0x0800258c      0x108 CMakeFiles/remote_control_nrf.elf.dir/Drivers/STM32F1xx_HAL_Driver/Src/stm32f1xx_hal_adc.c.obj
                0x0800258c                HAL_ADC_Init
 .text.HAL_ADCEx_Calibration_Start
                0x08002694      0x100 CMakeFiles/remote_control_nrf.elf.dir/Drivers/STM32F1xx_HAL_Driver/Src/stm32f1xx_hal_adc_ex.c.obj
                0x08002694                HAL_ADCEx_Calibration_Start
 .text.__NVIC_SetPriority
                0x08002794       0x28 CMakeFiles/remote_control_nrf.elf.dir/Drivers/STM32F1xx_HAL_Driver/Src/stm32f1xx_hal_cortex.c.obj
 .text.NVIC_EncodePriority
                0x080027bc       0x3e CMakeFiles/remote_control_nrf.elf.dir/Drivers/STM32F1xx_HAL_Driver/Src/stm32f1xx_hal_cortex.c.obj
 *fill*         0x080027fa        0x2 
 .text.HAL_NVIC_SetPriorityGrouping
                0x080027fc       0x24 CMakeFiles/remote_control_nrf.elf.dir/Drivers/STM32F1xx_HAL_Driver/Src/stm32f1xx_hal_cortex.c.obj
                0x080027fc                HAL_NVIC_SetPriorityGrouping
 .text.HAL_NVIC_SetPriority
                0x08002820       0x20 CMakeFiles/remote_control_nrf.elf.dir/Drivers/STM32F1xx_HAL_Driver/Src/stm32f1xx_hal_cortex.c.obj
                0x08002820                HAL_NVIC_SetPriority
 .text.HAL_NVIC_EnableIRQ
                0x08002840       0x1c CMakeFiles/remote_control_nrf.elf.dir/Drivers/STM32F1xx_HAL_Driver/Src/stm32f1xx_hal_cortex.c.obj
                0x08002840                HAL_NVIC_EnableIRQ
 .text.HAL_SYSTICK_Config
                0x0800285c       0x28 CMakeFiles/remote_control_nrf.elf.dir/Drivers/STM32F1xx_HAL_Driver/Src/stm32f1xx_hal_cortex.c.obj
                0x0800285c                HAL_SYSTICK_Config
 .text.DMA_SetConfig
                0x08002884       0x2c CMakeFiles/remote_control_nrf.elf.dir/Drivers/STM32F1xx_HAL_Driver/Src/stm32f1xx_hal_dma.c.obj
 .text.HAL_DMA_Init
                0x080028b0       0x6c CMakeFiles/remote_control_nrf.elf.dir/Drivers/STM32F1xx_HAL_Driver/Src/stm32f1xx_hal_dma.c.obj
                0x080028b0                HAL_DMA_Init
 .text.HAL_DMA_Start_IT
                0x0800291c       0x76 CMakeFiles/remote_control_nrf.elf.dir/Drivers/STM32F1xx_HAL_Driver/Src/stm32f1xx_hal_dma.c.obj
                0x0800291c                HAL_DMA_Start_IT
 .text.HAL_DMA_Abort
                0x08002992       0x46 CMakeFiles/remote_control_nrf.elf.dir/Drivers/STM32F1xx_HAL_Driver/Src/stm32f1xx_hal_dma.c.obj
                0x08002992                HAL_DMA_Abort
 .text.HAL_DMA_Abort_IT
                0x080029d8       0x98 CMakeFiles/remote_control_nrf.elf.dir/Drivers/STM32F1xx_HAL_Driver/Src/stm32f1xx_hal_dma.c.obj
                0x080029d8                HAL_DMA_Abort_IT
 .text.HAL_DMA_IRQHandler
                0x08002a70      0x144 CMakeFiles/remote_control_nrf.elf.dir/Drivers/STM32F1xx_HAL_Driver/Src/stm32f1xx_hal_dma.c.obj
                0x08002a70                HAL_DMA_IRQHandler
 .text.HAL_GPIO_Init
                0x08002bb4      0x21c CMakeFiles/remote_control_nrf.elf.dir/Drivers/STM32F1xx_HAL_Driver/Src/stm32f1xx_hal_gpio.c.obj
                0x08002bb4                HAL_GPIO_Init
 .text.HAL_GPIO_ReadPin
                0x08002dd0        0xe CMakeFiles/remote_control_nrf.elf.dir/Drivers/STM32F1xx_HAL_Driver/Src/stm32f1xx_hal_gpio.c.obj
                0x08002dd0                HAL_GPIO_ReadPin
 .text.HAL_GPIO_WritePin
                0x08002dde        0xc CMakeFiles/remote_control_nrf.elf.dir/Drivers/STM32F1xx_HAL_Driver/Src/stm32f1xx_hal_gpio.c.obj
                0x08002dde                HAL_GPIO_WritePin
 .text.HAL_GPIO_TogglePin
                0x08002dea       0x12 CMakeFiles/remote_control_nrf.elf.dir/Drivers/STM32F1xx_HAL_Driver/Src/stm32f1xx_hal_gpio.c.obj
                0x08002dea                HAL_GPIO_TogglePin
 .text.RCC_Delay
                0x08002dfc       0x2c CMakeFiles/remote_control_nrf.elf.dir/Drivers/STM32F1xx_HAL_Driver/Src/stm32f1xx_hal_rcc.c.obj
 .text.HAL_RCC_OscConfig
                0x08002e28      0x410 CMakeFiles/remote_control_nrf.elf.dir/Drivers/STM32F1xx_HAL_Driver/Src/stm32f1xx_hal_rcc.c.obj
                0x08002e28                HAL_RCC_OscConfig
 .text.HAL_RCC_GetSysClockFreq
                0x08003238       0x54 CMakeFiles/remote_control_nrf.elf.dir/Drivers/STM32F1xx_HAL_Driver/Src/stm32f1xx_hal_rcc.c.obj
                0x08003238                HAL_RCC_GetSysClockFreq
 .text.HAL_RCC_ClockConfig
                0x0800328c      0x16c CMakeFiles/remote_control_nrf.elf.dir/Drivers/STM32F1xx_HAL_Driver/Src/stm32f1xx_hal_rcc.c.obj
                0x0800328c                HAL_RCC_ClockConfig
 .text.HAL_RCC_GetHCLKFreq
                0x080033f8        0xc CMakeFiles/remote_control_nrf.elf.dir/Drivers/STM32F1xx_HAL_Driver/Src/stm32f1xx_hal_rcc.c.obj
                0x080033f8                HAL_RCC_GetHCLKFreq
 .text.HAL_RCC_GetPCLK1Freq
                0x08003404       0x20 CMakeFiles/remote_control_nrf.elf.dir/Drivers/STM32F1xx_HAL_Driver/Src/stm32f1xx_hal_rcc.c.obj
                0x08003404                HAL_RCC_GetPCLK1Freq
 .text.HAL_RCC_GetPCLK2Freq
                0x08003424       0x20 CMakeFiles/remote_control_nrf.elf.dir/Drivers/STM32F1xx_HAL_Driver/Src/stm32f1xx_hal_rcc.c.obj
                0x08003424                HAL_RCC_GetPCLK2Freq
 .text.HAL_RCCEx_PeriphCLKConfig
                0x08003444      0x118 CMakeFiles/remote_control_nrf.elf.dir/Drivers/STM32F1xx_HAL_Driver/Src/stm32f1xx_hal_rcc_ex.c.obj
                0x08003444                HAL_RCCEx_PeriphCLKConfig
 .text.HAL_RCCEx_GetPeriphCLKFreq
                0x0800355c       0xd8 CMakeFiles/remote_control_nrf.elf.dir/Drivers/STM32F1xx_HAL_Driver/Src/stm32f1xx_hal_rcc_ex.c.obj
                0x0800355c                HAL_RCCEx_GetPeriphCLKFreq
 .text.SPI_WaitFlagStateUntilTimeout
                0x08003634       0xc8 CMakeFiles/remote_control_nrf.elf.dir/Drivers/STM32F1xx_HAL_Driver/Src/stm32f1xx_hal_spi.c.obj
 .text.SPI_EndRxTxTransaction
                0x080036fc       0x24 CMakeFiles/remote_control_nrf.elf.dir/Drivers/STM32F1xx_HAL_Driver/Src/stm32f1xx_hal_spi.c.obj
 .text.SPI_EndRxTransaction
                0x08003720       0x74 CMakeFiles/remote_control_nrf.elf.dir/Drivers/STM32F1xx_HAL_Driver/Src/stm32f1xx_hal_spi.c.obj
 .text.HAL_SPI_Init
                0x08003794       0xb6 CMakeFiles/remote_control_nrf.elf.dir/Drivers/STM32F1xx_HAL_Driver/Src/stm32f1xx_hal_spi.c.obj
                0x08003794                HAL_SPI_Init
 .text.HAL_SPI_Transmit
                0x0800384a      0x1b8 CMakeFiles/remote_control_nrf.elf.dir/Drivers/STM32F1xx_HAL_Driver/Src/stm32f1xx_hal_spi.c.obj
                0x0800384a                HAL_SPI_Transmit
 .text.HAL_SPI_TransmitReceive
                0x08003a02      0x244 CMakeFiles/remote_control_nrf.elf.dir/Drivers/STM32F1xx_HAL_Driver/Src/stm32f1xx_hal_spi.c.obj
                0x08003a02                HAL_SPI_TransmitReceive
 .text.HAL_SPI_Receive
                0x08003c46      0x17e CMakeFiles/remote_control_nrf.elf.dir/Drivers/STM32F1xx_HAL_Driver/Src/stm32f1xx_hal_spi.c.obj
                0x08003c46                HAL_SPI_Receive
 .text.UART_EndTxTransfer
                0x08003dc4       0x20 CMakeFiles/remote_control_nrf.elf.dir/Drivers/STM32F1xx_HAL_Driver/Src/stm32f1xx_hal_uart.c.obj
 .text.UART_EndRxTransfer
                0x08003de4       0x5c CMakeFiles/remote_control_nrf.elf.dir/Drivers/STM32F1xx_HAL_Driver/Src/stm32f1xx_hal_uart.c.obj
 .text.UART_Transmit_IT
                0x08003e40       0x60 CMakeFiles/remote_control_nrf.elf.dir/Drivers/STM32F1xx_HAL_Driver/Src/stm32f1xx_hal_uart.c.obj
 .text.UART_SetConfig
                0x08003ea0       0x94 CMakeFiles/remote_control_nrf.elf.dir/Drivers/STM32F1xx_HAL_Driver/Src/stm32f1xx_hal_uart.c.obj
 .text.UART_WaitOnFlagUntilTimeout
                0x08003f34       0x84 CMakeFiles/remote_control_nrf.elf.dir/Drivers/STM32F1xx_HAL_Driver/Src/stm32f1xx_hal_uart.c.obj
 .text.HAL_UART_Init
                0x08003fb8       0x60 CMakeFiles/remote_control_nrf.elf.dir/Drivers/STM32F1xx_HAL_Driver/Src/stm32f1xx_hal_uart.c.obj
                0x08003fb8                HAL_UART_Init
 .text.HAL_UART_Transmit
                0x08004018       0xbe CMakeFiles/remote_control_nrf.elf.dir/Drivers/STM32F1xx_HAL_Driver/Src/stm32f1xx_hal_uart.c.obj
                0x08004018                HAL_UART_Transmit
 .text.HAL_UART_DMAStop
                0x080040d6       0x84 CMakeFiles/remote_control_nrf.elf.dir/Drivers/STM32F1xx_HAL_Driver/Src/stm32f1xx_hal_uart.c.obj
                0x080040d6                HAL_UART_DMAStop
 .text.HAL_UART_TxCpltCallback
                0x0800415a        0x2 CMakeFiles/remote_control_nrf.elf.dir/Drivers/STM32F1xx_HAL_Driver/Src/stm32f1xx_hal_uart.c.obj
                0x0800415a                HAL_UART_TxCpltCallback
 .text.UART_EndTransmit_IT
                0x0800415c       0x1a CMakeFiles/remote_control_nrf.elf.dir/Drivers/STM32F1xx_HAL_Driver/Src/stm32f1xx_hal_uart.c.obj
 .text.HAL_UART_RxCpltCallback
                0x08004176        0x2 CMakeFiles/remote_control_nrf.elf.dir/Drivers/STM32F1xx_HAL_Driver/Src/stm32f1xx_hal_uart.c.obj
                0x08004176                HAL_UART_RxCpltCallback
 .text.HAL_UART_RxHalfCpltCallback
                0x08004178        0x2 CMakeFiles/remote_control_nrf.elf.dir/Drivers/STM32F1xx_HAL_Driver/Src/stm32f1xx_hal_uart.c.obj
                0x08004178                HAL_UART_RxHalfCpltCallback
 .text.UART_DMAError
                0x0800417a       0x58 CMakeFiles/remote_control_nrf.elf.dir/Drivers/STM32F1xx_HAL_Driver/Src/stm32f1xx_hal_uart.c.obj
 .text.UART_DMAAbortOnError
                0x080041d2       0x10 CMakeFiles/remote_control_nrf.elf.dir/Drivers/STM32F1xx_HAL_Driver/Src/stm32f1xx_hal_uart.c.obj
 .text.HAL_UARTEx_RxEventCallback
                0x080041e2        0x2 CMakeFiles/remote_control_nrf.elf.dir/Drivers/STM32F1xx_HAL_Driver/Src/stm32f1xx_hal_uart.c.obj
                0x080041e2                HAL_UARTEx_RxEventCallback
 .text.UART_Receive_IT
                0x080041e4       0xe6 CMakeFiles/remote_control_nrf.elf.dir/Drivers/STM32F1xx_HAL_Driver/Src/stm32f1xx_hal_uart.c.obj
 *fill*         0x080042ca        0x2 
 .text.HAL_UART_IRQHandler
                0x080042cc      0x284 CMakeFiles/remote_control_nrf.elf.dir/Drivers/STM32F1xx_HAL_Driver/Src/stm32f1xx_hal_uart.c.obj
                0x080042cc                HAL_UART_IRQHandler
 .text.UART_DMARxHalfCplt
                0x08004550       0x1e CMakeFiles/remote_control_nrf.elf.dir/Drivers/STM32F1xx_HAL_Driver/Src/stm32f1xx_hal_uart.c.obj
 .text.UART_DMAReceiveCplt
                0x0800456e       0x9a CMakeFiles/remote_control_nrf.elf.dir/Drivers/STM32F1xx_HAL_Driver/Src/stm32f1xx_hal_uart.c.obj
 .text.UART_Start_Receive_DMA
                0x08004608       0xa4 CMakeFiles/remote_control_nrf.elf.dir/Drivers/STM32F1xx_HAL_Driver/Src/stm32f1xx_hal_uart.c.obj
                0x08004608                UART_Start_Receive_DMA
 .text.HAL_UART_Receive_DMA
                0x080046ac       0x26 CMakeFiles/remote_control_nrf.elf.dir/Drivers/STM32F1xx_HAL_Driver/Src/stm32f1xx_hal_uart.c.obj
                0x080046ac                HAL_UART_Receive_DMA
 *fill*         0x080046d2        0x2 
 .text.stdio_exit_handler
                0x080046d4       0x18 d:/programfiles/amr/12977f~1.2mp/bin/../lib/gcc/arm-none-eabi/12.2.1/thumb/v7-m/nofp\libg.a(libc_a-findfp.o)
 .text.cleanup_stdio
                0x080046ec       0x40 d:/programfiles/amr/12977f~1.2mp/bin/../lib/gcc/arm-none-eabi/12.2.1/thumb/v7-m/nofp\libg.a(libc_a-findfp.o)
 .text.global_stdio_init.part.0
                0x0800472c       0xf0 d:/programfiles/amr/12977f~1.2mp/bin/../lib/gcc/arm-none-eabi/12.2.1/thumb/v7-m/nofp\libg.a(libc_a-findfp.o)
 .text.__sinit  0x0800481c       0x3c d:/programfiles/amr/12977f~1.2mp/bin/../lib/gcc/arm-none-eabi/12.2.1/thumb/v7-m/nofp\libg.a(libc_a-findfp.o)
                0x0800481c                __sinit
 .text.__sfp_lock_acquire
                0x08004858        0xc d:/programfiles/amr/12977f~1.2mp/bin/../lib/gcc/arm-none-eabi/12.2.1/thumb/v7-m/nofp\libg.a(libc_a-findfp.o)
                0x08004858                __sfp_lock_acquire
 .text.__sfp_lock_release
                0x08004864        0xc d:/programfiles/amr/12977f~1.2mp/bin/../lib/gcc/arm-none-eabi/12.2.1/thumb/v7-m/nofp\libg.a(libc_a-findfp.o)
                0x08004864                __sfp_lock_release
 .text._fwalk_sglue
                0x08004870       0x44 d:/programfiles/amr/12977f~1.2mp/bin/../lib/gcc/arm-none-eabi/12.2.1/thumb/v7-m/nofp\libg.a(libc_a-fwalk.o)
                0x08004870                _fwalk_sglue
 .text.printf   0x080048b4       0x28 d:/programfiles/amr/12977f~1.2mp/bin/../lib/gcc/arm-none-eabi/12.2.1/thumb/v7-m/nofp\libg.a(libc_a-printf.o)
                0x080048b4                printf
 .text._puts_r  0x080048dc       0x98 d:/programfiles/amr/12977f~1.2mp/bin/../lib/gcc/arm-none-eabi/12.2.1/thumb/v7-m/nofp\libg.a(libc_a-puts.o)
                0x080048dc                _puts_r
 .text.puts     0x08004974       0x10 d:/programfiles/amr/12977f~1.2mp/bin/../lib/gcc/arm-none-eabi/12.2.1/thumb/v7-m/nofp\libg.a(libc_a-puts.o)
                0x08004974                puts
 .text.__sread  0x08004984       0x24 d:/programfiles/amr/12977f~1.2mp/bin/../lib/gcc/arm-none-eabi/12.2.1/thumb/v7-m/nofp\libg.a(libc_a-stdio.o)
                0x08004984                __sread
 .text.__swrite
                0x080049a8       0x40 d:/programfiles/amr/12977f~1.2mp/bin/../lib/gcc/arm-none-eabi/12.2.1/thumb/v7-m/nofp\libg.a(libc_a-stdio.o)
                0x080049a8                __swrite
 .text.__sseek  0x080049e8       0x24 d:/programfiles/amr/12977f~1.2mp/bin/../lib/gcc/arm-none-eabi/12.2.1/thumb/v7-m/nofp\libg.a(libc_a-stdio.o)
                0x080049e8                __sseek
 .text.__sclose
                0x08004a0c        0x8 d:/programfiles/amr/12977f~1.2mp/bin/../lib/gcc/arm-none-eabi/12.2.1/thumb/v7-m/nofp\libg.a(libc_a-stdio.o)
                0x08004a0c                __sclose
 .text.memset   0x08004a14       0xa0 d:/programfiles/amr/12977f~1.2mp/bin/../lib/gcc/arm-none-eabi/12.2.1/thumb/v7-m/nofp\libg.a(libc_a-memset.o)
                0x08004a14                memset
 .text._close_r
                0x08004ab4       0x24 d:/programfiles/amr/12977f~1.2mp/bin/../lib/gcc/arm-none-eabi/12.2.1/thumb/v7-m/nofp\libg.a(libc_a-closer.o)
                0x08004ab4                _close_r
 .text._lseek_r
                0x08004ad8       0x2c d:/programfiles/amr/12977f~1.2mp/bin/../lib/gcc/arm-none-eabi/12.2.1/thumb/v7-m/nofp\libg.a(libc_a-lseekr.o)
                0x08004ad8                _lseek_r
 .text._read_r  0x08004b04       0x2c d:/programfiles/amr/12977f~1.2mp/bin/../lib/gcc/arm-none-eabi/12.2.1/thumb/v7-m/nofp\libg.a(libc_a-readr.o)
                0x08004b04                _read_r
 .text._write_r
                0x08004b30       0x2c d:/programfiles/amr/12977f~1.2mp/bin/../lib/gcc/arm-none-eabi/12.2.1/thumb/v7-m/nofp\libg.a(libc_a-writer.o)
                0x08004b30                _write_r
 .text.__errno  0x08004b5c        0xc d:/programfiles/amr/12977f~1.2mp/bin/../lib/gcc/arm-none-eabi/12.2.1/thumb/v7-m/nofp\libg.a(libc_a-errno.o)
                0x08004b5c                __errno
 .text.__libc_init_array
                0x08004b68       0x50 d:/programfiles/amr/12977f~1.2mp/bin/../lib/gcc/arm-none-eabi/12.2.1/thumb/v7-m/nofp\libg.a(libc_a-init.o)
                0x08004b68                __libc_init_array
 .text.__retarget_lock_init_recursive
                0x08004bb8        0x4 d:/programfiles/amr/12977f~1.2mp/bin/../lib/gcc/arm-none-eabi/12.2.1/thumb/v7-m/nofp\libg.a(libc_a-lock.o)
                0x08004bb8                __retarget_lock_init_recursive
 .text.__retarget_lock_close_recursive
                0x08004bbc        0x4 d:/programfiles/amr/12977f~1.2mp/bin/../lib/gcc/arm-none-eabi/12.2.1/thumb/v7-m/nofp\libg.a(libc_a-lock.o)
                0x08004bbc                __retarget_lock_close_recursive
 .text.__retarget_lock_acquire_recursive
                0x08004bc0        0x4 d:/programfiles/amr/12977f~1.2mp/bin/../lib/gcc/arm-none-eabi/12.2.1/thumb/v7-m/nofp\libg.a(libc_a-lock.o)
                0x08004bc0                __retarget_lock_acquire_recursive
 .text.__retarget_lock_release_recursive
                0x08004bc4        0x4 d:/programfiles/amr/12977f~1.2mp/bin/../lib/gcc/arm-none-eabi/12.2.1/thumb/v7-m/nofp\libg.a(libc_a-lock.o)
                0x08004bc4                __retarget_lock_release_recursive
 .text.strlen   0x08004bc8       0x5c d:/programfiles/amr/12977f~1.2mp/bin/../lib/gcc/arm-none-eabi/12.2.1/thumb/v7-m/nofp\libg.a(libc_a-strlen-stub.o)
                0x08004bc8                strlen
 .text.startup.register_fini
                0x08004c24       0x14 d:/programfiles/amr/12977f~1.2mp/bin/../lib/gcc/arm-none-eabi/12.2.1/thumb/v7-m/nofp\libg.a(libc_a-__call_atexit.o)
 .text.atexit   0x08004c38        0xc d:/programfiles/amr/12977f~1.2mp/bin/../lib/gcc/arm-none-eabi/12.2.1/thumb/v7-m/nofp\libg.a(libc_a-atexit.o)
                0x08004c38                atexit
 .text._malloc_trim_r
                0x08004c44       0xb8 d:/programfiles/amr/12977f~1.2mp/bin/../lib/gcc/arm-none-eabi/12.2.1/thumb/v7-m/nofp\libg.a(libc_a-freer.o)
                0x08004c44                _malloc_trim_r
 .text._free_r  0x08004cfc      0x1fc d:/programfiles/amr/12977f~1.2mp/bin/../lib/gcc/arm-none-eabi/12.2.1/thumb/v7-m/nofp\libg.a(libc_a-freer.o)
                0x08004cfc                _free_r
 .text._malloc_r
                0x08004ef8      0x570 d:/programfiles/amr/12977f~1.2mp/bin/../lib/gcc/arm-none-eabi/12.2.1/thumb/v7-m/nofp\libg.a(libc_a-mallocr.o)
                0x08004ef8                _malloc_r
 .text.__malloc_lock
                0x08005468        0xc d:/programfiles/amr/12977f~1.2mp/bin/../lib/gcc/arm-none-eabi/12.2.1/thumb/v7-m/nofp\libg.a(libc_a-mlock.o)
                0x08005468                __malloc_lock
 .text.__malloc_unlock
                0x08005474        0xc d:/programfiles/amr/12977f~1.2mp/bin/../lib/gcc/arm-none-eabi/12.2.1/thumb/v7-m/nofp\libg.a(libc_a-mlock.o)
                0x08005474                __malloc_unlock
 .text._vfprintf_r
                0x08005480     0x1c6c d:/programfiles/amr/12977f~1.2mp/bin/../lib/gcc/arm-none-eabi/12.2.1/thumb/v7-m/nofp\libg.a(libc_a-vfprintf.o)
                0x08005480                _vfprintf_r
 .text.__sbprintf
                0x080070ec       0x80 d:/programfiles/amr/12977f~1.2mp/bin/../lib/gcc/arm-none-eabi/12.2.1/thumb/v7-m/nofp\libg.a(libc_a-vfprintf.o)
 .text.__sprint_r.part.0
                0x0800716c       0x78 d:/programfiles/amr/12977f~1.2mp/bin/../lib/gcc/arm-none-eabi/12.2.1/thumb/v7-m/nofp\libg.a(libc_a-vfiprintf.o)
 .text.__sprint_r
                0x080071e4       0x14 d:/programfiles/amr/12977f~1.2mp/bin/../lib/gcc/arm-none-eabi/12.2.1/thumb/v7-m/nofp\libg.a(libc_a-vfiprintf.o)
                0x080071e4                __sprint_r
 .text._vfiprintf_r
                0x080071f8      0xf9c d:/programfiles/amr/12977f~1.2mp/bin/../lib/gcc/arm-none-eabi/12.2.1/thumb/v7-m/nofp\libg.a(libc_a-vfiprintf.o)
                0x080071f8                _vfiprintf_r
 .text.__sbprintf
                0x08008194       0x80 d:/programfiles/amr/12977f~1.2mp/bin/../lib/gcc/arm-none-eabi/12.2.1/thumb/v7-m/nofp\libg.a(libc_a-vfiprintf.o)
 .text._fclose_r
                0x08008214       0xc0 d:/programfiles/amr/12977f~1.2mp/bin/../lib/gcc/arm-none-eabi/12.2.1/thumb/v7-m/nofp\libg.a(libc_a-fclose.o)
                0x08008214                _fclose_r
 .text.__sflush_r
                0x080082d4      0x128 d:/programfiles/amr/12977f~1.2mp/bin/../lib/gcc/arm-none-eabi/12.2.1/thumb/v7-m/nofp\libg.a(libc_a-fflush.o)
                0x080082d4                __sflush_r
 .text._fflush_r
                0x080083fc       0x54 d:/programfiles/amr/12977f~1.2mp/bin/../lib/gcc/arm-none-eabi/12.2.1/thumb/v7-m/nofp\libg.a(libc_a-fflush.o)
                0x080083fc                _fflush_r
 .text.__sfvwrite_r
                0x08008450      0x2ec d:/programfiles/amr/12977f~1.2mp/bin/../lib/gcc/arm-none-eabi/12.2.1/thumb/v7-m/nofp\libg.a(libc_a-fvwrite.o)
                0x08008450                __sfvwrite_r
 .text.__swsetup_r
                0x0800873c       0xc0 d:/programfiles/amr/12977f~1.2mp/bin/../lib/gcc/arm-none-eabi/12.2.1/thumb/v7-m/nofp\libg.a(libc_a-wsetup.o)
                0x0800873c                __swsetup_r
 .text.__fputwc
                0x080087fc       0x7c d:/programfiles/amr/12977f~1.2mp/bin/../lib/gcc/arm-none-eabi/12.2.1/thumb/v7-m/nofp\libg.a(libc_a-fputwc.o)
                0x080087fc                __fputwc
 .text._fputwc_r
                0x08008878       0x60 d:/programfiles/amr/12977f~1.2mp/bin/../lib/gcc/arm-none-eabi/12.2.1/thumb/v7-m/nofp\libg.a(libc_a-fputwc.o)
                0x08008878                _fputwc_r
 .text.memmove  0x080088d8       0xfc d:/programfiles/amr/12977f~1.2mp/bin/../lib/gcc/arm-none-eabi/12.2.1/thumb/v7-m/nofp\libg.a(libc_a-memmove.o)
                0x080088d8                memmove
 .text.strncpy  0x080089d4       0x6c d:/programfiles/amr/12977f~1.2mp/bin/../lib/gcc/arm-none-eabi/12.2.1/thumb/v7-m/nofp\libg.a(libc_a-strncpy.o)
                0x080089d4                strncpy
 .text.__locale_mb_cur_max
                0x08008a40        0xc d:/programfiles/amr/12977f~1.2mp/bin/../lib/gcc/arm-none-eabi/12.2.1/thumb/v7-m/nofp\libg.a(libc_a-locale.o)
                0x08008a40                __locale_mb_cur_max
 .text._localeconv_r
                0x08008a4c        0x8 d:/programfiles/amr/12977f~1.2mp/bin/../lib/gcc/arm-none-eabi/12.2.1/thumb/v7-m/nofp\libg.a(libc_a-localeconv.o)
                0x08008a4c                _localeconv_r
 .text._sbrk_r  0x08008a54       0x24 d:/programfiles/amr/12977f~1.2mp/bin/../lib/gcc/arm-none-eabi/12.2.1/thumb/v7-m/nofp\libg.a(libc_a-sbrkr.o)
                0x08008a54                _sbrk_r
 .text.__libc_fini_array
                0x08008a78       0x28 d:/programfiles/amr/12977f~1.2mp/bin/../lib/gcc/arm-none-eabi/12.2.1/thumb/v7-m/nofp\libg.a(libc_a-fini.o)
                0x08008a78                __libc_fini_array
 .text.sysconf  0x08008aa0       0x1c d:/programfiles/amr/12977f~1.2mp/bin/../lib/gcc/arm-none-eabi/12.2.1/thumb/v7-m/nofp\libg.a(libc_a-sysconf.o)
                0x08008aa0                sysconf
 .text.memchr   0x08008abc       0x98 d:/programfiles/amr/12977f~1.2mp/bin/../lib/gcc/arm-none-eabi/12.2.1/thumb/v7-m/nofp\libg.a(libc_a-memchr-stub.o)
                0x08008abc                memchr
 .text.frexp    0x08008b54       0x70 d:/programfiles/amr/12977f~1.2mp/bin/../lib/gcc/arm-none-eabi/12.2.1/thumb/v7-m/nofp\libg.a(libm_a-s_frexp.o)
                0x08008b54                frexp
 .text.__register_exitproc
                0x08008bc4       0x80 d:/programfiles/amr/12977f~1.2mp/bin/../lib/gcc/arm-none-eabi/12.2.1/thumb/v7-m/nofp\libg.a(libc_a-__atexit.o)
                0x08008bc4                __register_exitproc
 .text.quorem   0x08008c44      0x13c d:/programfiles/amr/12977f~1.2mp/bin/../lib/gcc/arm-none-eabi/12.2.1/thumb/v7-m/nofp\libg.a(libc_a-dtoa.o)
 .text._dtoa_r  0x08008d80      0xe54 d:/programfiles/amr/12977f~1.2mp/bin/../lib/gcc/arm-none-eabi/12.2.1/thumb/v7-m/nofp\libg.a(libc_a-dtoa.o)
                0x08008d80                _dtoa_r
 .text.__ascii_mbtowc
                0x08009bd4       0x2c d:/programfiles/amr/12977f~1.2mp/bin/../lib/gcc/arm-none-eabi/12.2.1/thumb/v7-m/nofp\libg.a(libc_a-mbtowc_r.o)
                0x08009bd4                __ascii_mbtowc
 .text._Balloc  0x08009c00       0x4c d:/programfiles/amr/12977f~1.2mp/bin/../lib/gcc/arm-none-eabi/12.2.1/thumb/v7-m/nofp\libg.a(libc_a-mprec.o)
                0x08009c00                _Balloc
 .text._Bfree   0x08009c4c       0x14 d:/programfiles/amr/12977f~1.2mp/bin/../lib/gcc/arm-none-eabi/12.2.1/thumb/v7-m/nofp\libg.a(libc_a-mprec.o)
                0x08009c4c                _Bfree
 .text.__multadd
                0x08009c60       0xa4 d:/programfiles/amr/12977f~1.2mp/bin/../lib/gcc/arm-none-eabi/12.2.1/thumb/v7-m/nofp\libg.a(libc_a-mprec.o)
                0x08009c60                __multadd
 .text.__hi0bits
                0x08009d04       0x44 d:/programfiles/amr/12977f~1.2mp/bin/../lib/gcc/arm-none-eabi/12.2.1/thumb/v7-m/nofp\libg.a(libc_a-mprec.o)
                0x08009d04                __hi0bits
 .text.__lo0bits
                0x08009d48       0x5c d:/programfiles/amr/12977f~1.2mp/bin/../lib/gcc/arm-none-eabi/12.2.1/thumb/v7-m/nofp\libg.a(libc_a-mprec.o)
                0x08009d48                __lo0bits
 .text.__i2b    0x08009da4       0x5c d:/programfiles/amr/12977f~1.2mp/bin/../lib/gcc/arm-none-eabi/12.2.1/thumb/v7-m/nofp\libg.a(libc_a-mprec.o)
                0x08009da4                __i2b
 .text.__multiply
                0x08009e00      0x164 d:/programfiles/amr/12977f~1.2mp/bin/../lib/gcc/arm-none-eabi/12.2.1/thumb/v7-m/nofp\libg.a(libc_a-mprec.o)
                0x08009e00                __multiply
 .text.__pow5mult
                0x08009f64       0xb4 d:/programfiles/amr/12977f~1.2mp/bin/../lib/gcc/arm-none-eabi/12.2.1/thumb/v7-m/nofp\libg.a(libc_a-mprec.o)
                0x08009f64                __pow5mult
 .text.__lshift
                0x0800a018       0xec d:/programfiles/amr/12977f~1.2mp/bin/../lib/gcc/arm-none-eabi/12.2.1/thumb/v7-m/nofp\libg.a(libc_a-mprec.o)
                0x0800a018                __lshift
 .text.__mcmp   0x0800a104       0x40 d:/programfiles/amr/12977f~1.2mp/bin/../lib/gcc/arm-none-eabi/12.2.1/thumb/v7-m/nofp\libg.a(libc_a-mprec.o)
                0x0800a104                __mcmp
 .text.__mdiff  0x0800a144      0x160 d:/programfiles/amr/12977f~1.2mp/bin/../lib/gcc/arm-none-eabi/12.2.1/thumb/v7-m/nofp\libg.a(libc_a-mprec.o)
                0x0800a144                __mdiff
 .text.__d2b    0x0800a2a4       0xbc d:/programfiles/amr/12977f~1.2mp/bin/../lib/gcc/arm-none-eabi/12.2.1/thumb/v7-m/nofp\libg.a(libc_a-mprec.o)
                0x0800a2a4                __d2b
 .text._realloc_r
                0x0800a360      0x34c d:/programfiles/amr/12977f~1.2mp/bin/../lib/gcc/arm-none-eabi/12.2.1/thumb/v7-m/nofp\libg.a(libc_a-reallocr.o)
                0x0800a360                _realloc_r
 .text.__ascii_wctomb
                0x0800a6ac       0x1c d:/programfiles/amr/12977f~1.2mp/bin/../lib/gcc/arm-none-eabi/12.2.1/thumb/v7-m/nofp\libg.a(libc_a-wctomb_r.o)
                0x0800a6ac                __ascii_wctomb
 .text._wcrtomb_r
                0x0800a6c8       0x4c d:/programfiles/amr/12977f~1.2mp/bin/../lib/gcc/arm-none-eabi/12.2.1/thumb/v7-m/nofp\libg.a(libc_a-wcrtomb.o)
                0x0800a6c8                _wcrtomb_r
 .text._wcsrtombs_r
                0x0800a714       0x18 d:/programfiles/amr/12977f~1.2mp/bin/../lib/gcc/arm-none-eabi/12.2.1/thumb/v7-m/nofp\libg.a(libc_a-wcsrtombs.o)
                0x0800a714                _wcsrtombs_r
 .text.__smakebuf_r
                0x0800a72c       0xdc d:/programfiles/amr/12977f~1.2mp/bin/../lib/gcc/arm-none-eabi/12.2.1/thumb/v7-m/nofp\libg.a(libc_a-makebuf.o)
                0x0800a72c                __smakebuf_r
 .text.__swbuf_r
                0x0800a808       0xac d:/programfiles/amr/12977f~1.2mp/bin/../lib/gcc/arm-none-eabi/12.2.1/thumb/v7-m/nofp\libg.a(libc_a-wbuf.o)
                0x0800a808                __swbuf_r
 .text._fstat_r
                0x0800a8b4       0x28 d:/programfiles/amr/12977f~1.2mp/bin/../lib/gcc/arm-none-eabi/12.2.1/thumb/v7-m/nofp\libg.a(libc_a-fstatr.o)
                0x0800a8b4                _fstat_r
 .text._isatty_r
                0x0800a8dc       0x24 d:/programfiles/amr/12977f~1.2mp/bin/../lib/gcc/arm-none-eabi/12.2.1/thumb/v7-m/nofp\libg.a(libc_a-isattyr.o)
                0x0800a8dc                _isatty_r
 .text.__assert_func
                0x0800a900       0x40 d:/programfiles/amr/12977f~1.2mp/bin/../lib/gcc/arm-none-eabi/12.2.1/thumb/v7-m/nofp\libg.a(libc_a-assert.o)
                0x0800a900                __assert_func
 .text._calloc_r
                0x0800a940       0x6c d:/programfiles/amr/12977f~1.2mp/bin/../lib/gcc/arm-none-eabi/12.2.1/thumb/v7-m/nofp\libg.a(libc_a-callocr.o)
                0x0800a940                _calloc_r
 .text._wcsnrtombs_l
                0x0800a9ac       0xec d:/programfiles/amr/12977f~1.2mp/bin/../lib/gcc/arm-none-eabi/12.2.1/thumb/v7-m/nofp\libg.a(libc_a-wcsnrtombs.o)
                0x0800a9ac                _wcsnrtombs_l
 .text._wcsnrtombs_r
                0x0800aa98       0x24 d:/programfiles/amr/12977f~1.2mp/bin/../lib/gcc/arm-none-eabi/12.2.1/thumb/v7-m/nofp\libg.a(libc_a-wcsnrtombs.o)
                0x0800aa98                _wcsnrtombs_r
 .text.fiprintf
                0x0800aabc       0x28 d:/programfiles/amr/12977f~1.2mp/bin/../lib/gcc/arm-none-eabi/12.2.1/thumb/v7-m/nofp\libg.a(libc_a-fiprintf.o)
                0x0800aabc                fiprintf
 .text.abort    0x0800aae4       0x10 d:/programfiles/amr/12977f~1.2mp/bin/../lib/gcc/arm-none-eabi/12.2.1/thumb/v7-m/nofp\libg.a(libc_a-abort.o)
                0x0800aae4                abort
 .text.raise    0x0800aaf4       0x58 d:/programfiles/amr/12977f~1.2mp/bin/../lib/gcc/arm-none-eabi/12.2.1/thumb/v7-m/nofp\libg.a(libc_a-signal.o)
                0x0800aaf4                raise
 .text._kill_r  0x0800ab4c       0x28 d:/programfiles/amr/12977f~1.2mp/bin/../lib/gcc/arm-none-eabi/12.2.1/thumb/v7-m/nofp\libg.a(libc_a-signalr.o)
                0x0800ab4c                _kill_r
 .text._getpid_r
                0x0800ab74        0x4 d:/programfiles/amr/12977f~1.2mp/bin/../lib/gcc/arm-none-eabi/12.2.1/thumb/v7-m/nofp\libg.a(libc_a-signalr.o)
                0x0800ab74                _getpid_r
 *(.glue_7)
 .glue_7        0x0800ab78        0x0 linker stubs
 *(.glue_7t)
 .glue_7t       0x0800ab78        0x0 linker stubs
 *(.eh_frame)
 .eh_frame      0x0800ab78        0x0 d:/programfiles/amr/12977f~1.2mp/bin/../lib/gcc/arm-none-eabi/12.2.1/thumb/v7-m/nofp/crtbegin.o
 *(.init)
 .init          0x0800ab78        0x4 d:/programfiles/amr/12977f~1.2mp/bin/../lib/gcc/arm-none-eabi/12.2.1/thumb/v7-m/nofp/crti.o
                0x0800ab78                _init
 .init          0x0800ab7c        0x8 d:/programfiles/amr/12977f~1.2mp/bin/../lib/gcc/arm-none-eabi/12.2.1/thumb/v7-m/nofp/crtn.o
 *(.fini)
 .fini          0x0800ab84        0x4 d:/programfiles/amr/12977f~1.2mp/bin/../lib/gcc/arm-none-eabi/12.2.1/thumb/v7-m/nofp/crti.o
                0x0800ab84                _fini
 .fini          0x0800ab88        0x8 d:/programfiles/amr/12977f~1.2mp/bin/../lib/gcc/arm-none-eabi/12.2.1/thumb/v7-m/nofp/crtn.o
                0x0800ab90                        . = ALIGN (0x4)
                0x0800ab90                        _etext = .

.vfp11_veneer   0x0800ab90        0x0
 .vfp11_veneer  0x0800ab90        0x0 linker stubs

.v4_bx          0x0800ab90        0x0
 .v4_bx         0x0800ab90        0x0 linker stubs

.iplt           0x0800ab90        0x0
 .iplt          0x0800ab90        0x0 d:/programfiles/amr/12977f~1.2mp/bin/../lib/gcc/arm-none-eabi/12.2.1/thumb/v7-m/nofp/crtbegin.o

.rodata         0x0800ab90      0x64c
                0x0800ab90                        . = ALIGN (0x4)
 *(.rodata)
 *(.rodata*)
 .rodata.NRF24L01_TxPacket.str1.4
                0x0800ab90       0x2d CMakeFiles/remote_control_nrf.elf.dir/Core/Application/NRF24L01.c.obj
 *fill*         0x0800abbd        0x3 
 .rodata.NRF24L01_RxPacket.str1.4
                0x0800abc0       0x1f CMakeFiles/remote_control_nrf.elf.dir/Core/Application/NRF24L01.c.obj
 *fill*         0x0800abdf        0x1 
 .rodata.NRF24L01_Check.str1.4
                0x0800abe0       0x2e CMakeFiles/remote_control_nrf.elf.dir/Core/Application/NRF24L01.c.obj
 *fill*         0x0800ac0e        0x2 
 .rodata.NRF24L01_TxPacket_ack_data.str1.4
                0x0800ac10        0xb CMakeFiles/remote_control_nrf.elf.dir/Core/Application/NRF24L01.c.obj
 *fill*         0x0800ac1b        0x1 
 .rodata.INIT_ADDR1
                0x0800ac1c        0x5 CMakeFiles/remote_control_nrf.elf.dir/Core/Application/NRF24L01.c.obj
                0x0800ac1c                INIT_ADDR1
 *fill*         0x0800ac21        0x3 
 .rodata.INIT_ADDR0
                0x0800ac24        0x5 CMakeFiles/remote_control_nrf.elf.dir/Core/Application/NRF24L01.c.obj
                0x0800ac24                INIT_ADDR0
 *fill*         0x0800ac29        0x3 
 .rodata.Typ_init.str1.4
                0x0800ac2c       0x50 CMakeFiles/remote_control_nrf.elf.dir/Core/Application/adc_analys.c.obj
                                 0x52 (size before relaxing)
 .rodata.data_format_nrf.str1.4
                0x0800ac7c        0xf CMakeFiles/remote_control_nrf.elf.dir/Core/Application/data.c.obj
 *fill*         0x0800ac8b        0x1 
 .rodata.main.str1.4
                0x0800ac8c      0x114 CMakeFiles/remote_control_nrf.elf.dir/Core/Src/main.c.obj
                                0x118 (size before relaxing)
 .rodata.APBPrescTable
                0x0800ada0        0x8 CMakeFiles/remote_control_nrf.elf.dir/Core/Src/system_stm32f1xx.c.obj
                0x0800ada0                APBPrescTable
 .rodata.AHBPrescTable
                0x0800ada8       0x10 CMakeFiles/remote_control_nrf.elf.dir/Core/Src/system_stm32f1xx.c.obj
                0x0800ada8                AHBPrescTable
 .rodata.aPredivFactorTable.0
                0x0800adb8        0x2 CMakeFiles/remote_control_nrf.elf.dir/Drivers/STM32F1xx_HAL_Driver/Src/stm32f1xx_hal_rcc.c.obj
 *fill*         0x0800adba        0x2 
 .rodata.aPLLMULFactorTable.1
                0x0800adbc       0x10 CMakeFiles/remote_control_nrf.elf.dir/Drivers/STM32F1xx_HAL_Driver/Src/stm32f1xx_hal_rcc.c.obj
 .rodata.aPredivFactorTable.0
                0x0800adcc        0x2 CMakeFiles/remote_control_nrf.elf.dir/Drivers/STM32F1xx_HAL_Driver/Src/stm32f1xx_hal_rcc_ex.c.obj
 *fill*         0x0800adce        0x2 
 .rodata.aPLLMULFactorTable.1
                0x0800add0       0x10 CMakeFiles/remote_control_nrf.elf.dir/Drivers/STM32F1xx_HAL_Driver/Src/stm32f1xx_hal_rcc_ex.c.obj
 .rodata._puts_r.str1.4
                0x0800ade0        0x2 d:/programfiles/amr/12977f~1.2mp/bin/../lib/gcc/arm-none-eabi/12.2.1/thumb/v7-m/nofp\libg.a(libc_a-puts.o)
 *fill*         0x0800ade2        0x2 
 .rodata._vfprintf_r.str1.4
                0x0800ade4       0x42 d:/programfiles/amr/12977f~1.2mp/bin/../lib/gcc/arm-none-eabi/12.2.1/thumb/v7-m/nofp\libg.a(libc_a-vfprintf.o)
 *fill*         0x0800ae26        0x2 
 .rodata.zeroes.0
                0x0800ae28       0x10 d:/programfiles/amr/12977f~1.2mp/bin/../lib/gcc/arm-none-eabi/12.2.1/thumb/v7-m/nofp\libg.a(libc_a-vfprintf.o)
 .rodata.blanks.1
                0x0800ae38       0x10 d:/programfiles/amr/12977f~1.2mp/bin/../lib/gcc/arm-none-eabi/12.2.1/thumb/v7-m/nofp\libg.a(libc_a-vfprintf.o)
 .rodata._vfiprintf_r.str1.4
                0x0800ae48       0x2f d:/programfiles/amr/12977f~1.2mp/bin/../lib/gcc/arm-none-eabi/12.2.1/thumb/v7-m/nofp\libg.a(libc_a-vfiprintf.o)
 .rodata.zeroes.0
                0x0800ae48       0x10 d:/programfiles/amr/12977f~1.2mp/bin/../lib/gcc/arm-none-eabi/12.2.1/thumb/v7-m/nofp\libg.a(libc_a-vfiprintf.o)
 .rodata.blanks.1
                0x0800ae58       0x10 d:/programfiles/amr/12977f~1.2mp/bin/../lib/gcc/arm-none-eabi/12.2.1/thumb/v7-m/nofp\libg.a(libc_a-vfiprintf.o)
 .rodata.str1.4
                0x0800ae68       0x48 d:/programfiles/amr/12977f~1.2mp/bin/../lib/gcc/arm-none-eabi/12.2.1/thumb/v7-m/nofp\libg.a(libc_a-locale.o)
                                 0x4c (size before relaxing)
 .rodata._dtoa_r.str1.4
                0x0800aeb0       0x85 d:/programfiles/amr/12977f~1.2mp/bin/../lib/gcc/arm-none-eabi/12.2.1/thumb/v7-m/nofp\libg.a(libc_a-dtoa.o)
                                 0x89 (size before relaxing)
 *fill*         0x0800af35        0x3 
 .rodata.__multadd.str1.4
                0x0800af38       0x62 d:/programfiles/amr/12977f~1.2mp/bin/../lib/gcc/arm-none-eabi/12.2.1/thumb/v7-m/nofp\libg.a(libc_a-mprec.o)
                                 0x76 (size before relaxing)
 *fill*         0x0800af9a        0x2 
 .rodata.p05.0  0x0800af9c        0xc d:/programfiles/amr/12977f~1.2mp/bin/../lib/gcc/arm-none-eabi/12.2.1/thumb/v7-m/nofp\libg.a(libc_a-mprec.o)
 .rodata.__mprec_bigtens
                0x0800afa8       0x28 d:/programfiles/amr/12977f~1.2mp/bin/../lib/gcc/arm-none-eabi/12.2.1/thumb/v7-m/nofp\libg.a(libc_a-mprec.o)
                0x0800afa8                __mprec_bigtens
 .rodata.__mprec_tens
                0x0800afd0       0xc8 d:/programfiles/amr/12977f~1.2mp/bin/../lib/gcc/arm-none-eabi/12.2.1/thumb/v7-m/nofp\libg.a(libc_a-mprec.o)
                0x0800afd0                __mprec_tens
 .rodata._ctype_
                0x0800b098      0x101 d:/programfiles/amr/12977f~1.2mp/bin/../lib/gcc/arm-none-eabi/12.2.1/thumb/v7-m/nofp\libg.a(libc_a-ctype_.o)
                0x0800b098                _ctype_
 *fill*         0x0800b199        0x3 
 .rodata.__assert_func.str1.4
                0x0800b19c       0x3f d:/programfiles/amr/12977f~1.2mp/bin/../lib/gcc/arm-none-eabi/12.2.1/thumb/v7-m/nofp\libg.a(libc_a-assert.o)
                                 0x43 (size before relaxing)
                0x0800b1dc                        . = ALIGN (0x4)
 *fill*         0x0800b1db        0x1 

.ARM.extab      0x0800b1dc        0x0
                0x0800b1dc                        . = ALIGN (0x4)
 *(.ARM.extab* .gnu.linkonce.armextab.*)
                0x0800b1dc                        . = ALIGN (0x4)

.ARM            0x0800b1dc        0x8
                0x0800b1dc                        . = ALIGN (0x4)
                0x0800b1dc                        __exidx_start = .
 *(.ARM.exidx*)
 .ARM.exidx     0x0800b1dc        0x8 d:/programfiles/amr/12977f~1.2mp/bin/../lib/gcc/arm-none-eabi/12.2.1/thumb/v7-m/nofp\libg.a(libc_a-memcpy.o)
                0x0800b1e4                        __exidx_end = .
                0x0800b1e4                        . = ALIGN (0x4)

.rel.dyn        0x0800b1e4        0x0
 .rel.iplt      0x0800b1e4        0x0 d:/programfiles/amr/12977f~1.2mp/bin/../lib/gcc/arm-none-eabi/12.2.1/thumb/v7-m/nofp/crtbegin.o

.preinit_array  0x0800b1e4        0x0
                0x0800b1e4                        . = ALIGN (0x4)
                0x0800b1e4                        PROVIDE (__preinit_array_start = .)
 *(.preinit_array*)
                0x0800b1e4                        PROVIDE (__preinit_array_end = .)
                0x0800b1e4                        . = ALIGN (0x4)

.init_array     0x0800b1e4        0x8
                0x0800b1e4                        . = ALIGN (0x4)
                0x0800b1e4                        PROVIDE (__init_array_start = .)
 *(SORT_BY_NAME(.init_array.*))
 .init_array.00000
                0x0800b1e4        0x4 d:/programfiles/amr/12977f~1.2mp/bin/../lib/gcc/arm-none-eabi/12.2.1/thumb/v7-m/nofp\libg.a(libc_a-__call_atexit.o)
 *(.init_array*)
 .init_array    0x0800b1e8        0x4 d:/programfiles/amr/12977f~1.2mp/bin/../lib/gcc/arm-none-eabi/12.2.1/thumb/v7-m/nofp/crtbegin.o
                0x0800b1ec                        PROVIDE (__init_array_end = .)
                0x0800b1ec                        . = ALIGN (0x4)

.fini_array     0x0800b1ec        0x4
                0x0800b1ec                        . = ALIGN (0x4)
                0x0800b1ec                        PROVIDE (__fini_array_start = .)
 *(SORT_BY_NAME(.fini_array.*))
 *(.fini_array*)
 .fini_array    0x0800b1ec        0x4 d:/programfiles/amr/12977f~1.2mp/bin/../lib/gcc/arm-none-eabi/12.2.1/thumb/v7-m/nofp/crtbegin.o
                0x0800b1f0                        PROVIDE (__fini_array_end = .)
                0x0800b1f0                        . = ALIGN (0x4)
                0x0800b1f0                        _sidata = LOADADDR (.data)

.data           0x20000000      0x6dc load address 0x0800b1f0
                0x20000000                        . = ALIGN (0x4)
                0x20000000                        _sdata = .
 *(.data)
 *(.data*)
 .data.data_flag
                0x20000000        0x2 CMakeFiles/remote_control_nrf.elf.dir/Core/Src/main.c.obj
                0x20000000                data_flag
 *fill*         0x20000002        0x2 
 .data.Channel_init
                0x20000004       0x18 CMakeFiles/remote_control_nrf.elf.dir/Core/Src/main.c.obj
                0x20000004                Channel_init
 .data.SystemCoreClock
                0x2000001c        0x4 CMakeFiles/remote_control_nrf.elf.dir/Core/Src/system_stm32f1xx.c.obj
                0x2000001c                SystemCoreClock
 .data.uwTickFreq
                0x20000020        0x1 CMakeFiles/remote_control_nrf.elf.dir/Drivers/STM32F1xx_HAL_Driver/Src/stm32f1xx_hal.c.obj
                0x20000020                uwTickFreq
 *fill*         0x20000021        0x3 
 .data.uwTickPrio
                0x20000024        0x4 CMakeFiles/remote_control_nrf.elf.dir/Drivers/STM32F1xx_HAL_Driver/Src/stm32f1xx_hal.c.obj
                0x20000024                uwTickPrio
 .data.__sglue  0x20000028        0xc d:/programfiles/amr/12977f~1.2mp/bin/../lib/gcc/arm-none-eabi/12.2.1/thumb/v7-m/nofp\libg.a(libc_a-findfp.o)
                0x20000028                __sglue
 .data._impure_ptr
                0x20000034        0x4 d:/programfiles/amr/12977f~1.2mp/bin/../lib/gcc/arm-none-eabi/12.2.1/thumb/v7-m/nofp\libg.a(libc_a-impure.o)
                0x20000034                _impure_ptr
 .data._impure_data
                0x20000038      0x120 d:/programfiles/amr/12977f~1.2mp/bin/../lib/gcc/arm-none-eabi/12.2.1/thumb/v7-m/nofp\libg.a(libc_a-impure.o)
                0x20000038                _impure_data
 .data.__atexit_recursive_mutex
                0x20000158        0x4 d:/programfiles/amr/12977f~1.2mp/bin/../lib/gcc/arm-none-eabi/12.2.1/thumb/v7-m/nofp\libg.a(libc_a-__call_atexit.o)
                0x20000158                __atexit_recursive_mutex
 .data.__malloc_sbrk_base
                0x2000015c        0x4 d:/programfiles/amr/12977f~1.2mp/bin/../lib/gcc/arm-none-eabi/12.2.1/thumb/v7-m/nofp\libg.a(libc_a-mallocr.o)
                0x2000015c                __malloc_sbrk_base
 .data.__malloc_trim_threshold
                0x20000160        0x4 d:/programfiles/amr/12977f~1.2mp/bin/../lib/gcc/arm-none-eabi/12.2.1/thumb/v7-m/nofp\libg.a(libc_a-mallocr.o)
                0x20000160                __malloc_trim_threshold
 *fill*         0x20000164        0x4 
 .data.__malloc_av_
                0x20000168      0x408 d:/programfiles/amr/12977f~1.2mp/bin/../lib/gcc/arm-none-eabi/12.2.1/thumb/v7-m/nofp\libg.a(libc_a-mallocr.o)
                0x20000168                __malloc_av_
 .data.__global_locale
                0x20000570      0x16c d:/programfiles/amr/12977f~1.2mp/bin/../lib/gcc/arm-none-eabi/12.2.1/thumb/v7-m/nofp\libg.a(libc_a-locale.o)
                0x20000570                __global_locale
 *(.RamFunc)
 *(.RamFunc*)
                0x200006dc                        . = ALIGN (0x4)
                0x200006dc                        _edata = .

.tm_clone_table
                0x200006dc        0x0 load address 0x0800b8cc
 .tm_clone_table
                0x200006dc        0x0 d:/programfiles/amr/12977f~1.2mp/bin/../lib/gcc/arm-none-eabi/12.2.1/thumb/v7-m/nofp/crtbegin.o
 .tm_clone_table
                0x200006dc        0x0 d:/programfiles/amr/12977f~1.2mp/bin/../lib/gcc/arm-none-eabi/12.2.1/thumb/v7-m/nofp/crtend.o

.igot.plt       0x200006dc        0x0 load address 0x0800b8cc
 .igot.plt      0x200006dc        0x0 d:/programfiles/amr/12977f~1.2mp/bin/../lib/gcc/arm-none-eabi/12.2.1/thumb/v7-m/nofp/crtbegin.o
                0x200006dc                        . = ALIGN (0x4)

.bss            0x200006dc      0x600 load address 0x0800b8cc
                0x200006dc                        _sbss = .
                0x200006dc                        __bss_start__ = _sbss
 *(.bss)
 *(.bss*)
 .bss.completed.1
                0x200006dc        0x1 d:/programfiles/amr/12977f~1.2mp/bin/../lib/gcc/arm-none-eabi/12.2.1/thumb/v7-m/nofp/crtbegin.o
 *fill*         0x200006dd        0x3 
 .bss.object.0  0x200006e0       0x18 d:/programfiles/amr/12977f~1.2mp/bin/../lib/gcc/arm-none-eabi/12.2.1/thumb/v7-m/nofp/crtbegin.o
 .bss.rx_ch     0x200006f8        0x1 CMakeFiles/remote_control_nrf.elf.dir/Core/Application/NRF24L01.c.obj
                0x200006f8                rx_ch
 .bss.rxbuf_len
                0x200006f9        0x1 CMakeFiles/remote_control_nrf.elf.dir/Core/Application/NRF24L01.c.obj
                0x200006f9                rxbuf_len
 *fill*         0x200006fa        0x2 
 .bss.rxbuf     0x200006fc        0x8 CMakeFiles/remote_control_nrf.elf.dir/Core/Application/NRF24L01.c.obj
                0x200006fc                rxbuf
 .bss.buffer_receive_2
                0x20000704       0x32 CMakeFiles/remote_control_nrf.elf.dir/Core/Application/UART_DMA.c.obj
                0x20000704                buffer_receive_2
 *fill*         0x20000736        0x2 
 .bss.buffer_receive_1
                0x20000738       0x32 CMakeFiles/remote_control_nrf.elf.dir/Core/Application/UART_DMA.c.obj
                0x20000738                buffer_receive_1
 .bss.launch    0x2000076a        0x1 CMakeFiles/remote_control_nrf.elf.dir/Core/Application/adc_analys.c.obj
                0x2000076a                launch
 *fill*         0x2000076b        0x1 
 .bss.hdma_adc1
                0x2000076c       0x44 CMakeFiles/remote_control_nrf.elf.dir/Core/Src/adc.c.obj
                0x2000076c                hdma_adc1
 .bss.hadc1     0x200007b0       0x30 CMakeFiles/remote_control_nrf.elf.dir/Core/Src/adc.c.obj
                0x200007b0                hadc1
 .bss.Status    0x200007e0        0x4 CMakeFiles/remote_control_nrf.elf.dir/Core/Src/main.c.obj
                0x200007e0                Status
 .bss.Ball      0x200007e4        0x4 CMakeFiles/remote_control_nrf.elf.dir/Core/Src/main.c.obj
                0x200007e4                Ball
 .bss.Sprout    0x200007e8        0x4 CMakeFiles/remote_control_nrf.elf.dir/Core/Src/main.c.obj
                0x200007e8                Sprout
 .bss.speed     0x200007ec        0x4 CMakeFiles/remote_control_nrf.elf.dir/Core/Src/main.c.obj
                0x200007ec                speed
 .bss.time      0x200007f0        0x2 CMakeFiles/remote_control_nrf.elf.dir/Core/Src/main.c.obj
                0x200007f0                time
 *fill*         0x200007f2        0x2 
 .bss.flag      0x200007f4        0x4 CMakeFiles/remote_control_nrf.elf.dir/Core/Src/main.c.obj
                0x200007f4                flag
 .bss.rx_data   0x200007f8        0x4 CMakeFiles/remote_control_nrf.elf.dir/Core/Src/main.c.obj
                0x200007f8                rx_data
 .bss.rx_cnt    0x200007fc        0x4 CMakeFiles/remote_control_nrf.elf.dir/Core/Src/main.c.obj
                0x200007fc                rx_cnt
 .bss.ADC_INIT_Flag
                0x20000800        0x4 CMakeFiles/remote_control_nrf.elf.dir/Core/Src/main.c.obj
                0x20000800                ADC_INIT_Flag
 .bss.AD_Value_send
                0x20000804        0x8 CMakeFiles/remote_control_nrf.elf.dir/Core/Src/main.c.obj
                0x20000804                AD_Value_send
 .bss.ADC_Values
                0x2000080c       0x28 CMakeFiles/remote_control_nrf.elf.dir/Core/Src/main.c.obj
                0x2000080c                ADC_Values
 .bss.ADC_Convert
                0x20000834        0x8 CMakeFiles/remote_control_nrf.elf.dir/Core/Src/main.c.obj
                0x20000834                ADC_Convert
 .bss.ADC_Flag  0x2000083c        0x4 CMakeFiles/remote_control_nrf.elf.dir/Core/Src/main.c.obj
                0x2000083c                ADC_Flag
 .bss.last_AD_Value
                0x20000840        0x8 CMakeFiles/remote_control_nrf.elf.dir/Core/Src/main.c.obj
                0x20000840                last_AD_Value
 .bss.AD_Value  0x20000848        0x8 CMakeFiles/remote_control_nrf.elf.dir/Core/Src/main.c.obj
                0x20000848                AD_Value
 .bss.hspi2     0x20000850       0x58 CMakeFiles/remote_control_nrf.elf.dir/Core/Src/spi.c.obj
                0x20000850                hspi2
 .bss.__sbrk_heap_end
                0x200008a8        0x4 CMakeFiles/remote_control_nrf.elf.dir/Core/Src/sysmem.c.obj
 .bss.hdma_usart2_rx
                0x200008ac       0x44 CMakeFiles/remote_control_nrf.elf.dir/Core/Src/usart.c.obj
                0x200008ac                hdma_usart2_rx
 .bss.hdma_usart1_rx
                0x200008f0       0x44 CMakeFiles/remote_control_nrf.elf.dir/Core/Src/usart.c.obj
                0x200008f0                hdma_usart1_rx
 .bss.huart2    0x20000934       0x48 CMakeFiles/remote_control_nrf.elf.dir/Core/Src/usart.c.obj
                0x20000934                huart2
 .bss.huart1    0x2000097c       0x48 CMakeFiles/remote_control_nrf.elf.dir/Core/Src/usart.c.obj
                0x2000097c                huart1
 .bss.uwTick    0x200009c4        0x4 CMakeFiles/remote_control_nrf.elf.dir/Drivers/STM32F1xx_HAL_Driver/Src/stm32f1xx_hal.c.obj
                0x200009c4                uwTick
 .bss.__sf      0x200009c8      0x138 d:/programfiles/amr/12977f~1.2mp/bin/../lib/gcc/arm-none-eabi/12.2.1/thumb/v7-m/nofp\libg.a(libc_a-findfp.o)
                0x200009c8                __sf
 .bss.__stdio_exit_handler
                0x20000b00        0x4 d:/programfiles/amr/12977f~1.2mp/bin/../lib/gcc/arm-none-eabi/12.2.1/thumb/v7-m/nofp\libg.a(libc_a-findfp.o)
                0x20000b00                __stdio_exit_handler
 .bss.errno     0x20000b04        0x4 d:/programfiles/amr/12977f~1.2mp/bin/../lib/gcc/arm-none-eabi/12.2.1/thumb/v7-m/nofp\libg.a(libc_a-reent.o)
                0x20000b04                errno
 .bss.__lock___malloc_recursive_mutex
                0x20000b08        0x1 d:/programfiles/amr/12977f~1.2mp/bin/../lib/gcc/arm-none-eabi/12.2.1/thumb/v7-m/nofp\libg.a(libc_a-lock.o)
                0x20000b08                __lock___malloc_recursive_mutex
 *fill*         0x20000b09        0x3 
 .bss.__lock___atexit_recursive_mutex
                0x20000b0c        0x1 d:/programfiles/amr/12977f~1.2mp/bin/../lib/gcc/arm-none-eabi/12.2.1/thumb/v7-m/nofp\libg.a(libc_a-lock.o)
                0x20000b0c                __lock___atexit_recursive_mutex
 *fill*         0x20000b0d        0x3 
 .bss.__lock___sfp_recursive_mutex
                0x20000b10        0x1 d:/programfiles/amr/12977f~1.2mp/bin/../lib/gcc/arm-none-eabi/12.2.1/thumb/v7-m/nofp\libg.a(libc_a-lock.o)
                0x20000b10                __lock___sfp_recursive_mutex
 *fill*         0x20000b11        0x3 
 .bss.__atexit  0x20000b14        0x4 d:/programfiles/amr/12977f~1.2mp/bin/../lib/gcc/arm-none-eabi/12.2.1/thumb/v7-m/nofp\libg.a(libc_a-__call_atexit.o)
                0x20000b14                __atexit
 .bss.__malloc_current_mallinfo
                0x20000b18       0x28 d:/programfiles/amr/12977f~1.2mp/bin/../lib/gcc/arm-none-eabi/12.2.1/thumb/v7-m/nofp\libg.a(libc_a-mallocr.o)
                0x20000b18                __malloc_current_mallinfo
 .bss.__malloc_max_total_mem
                0x20000b40        0x4 d:/programfiles/amr/12977f~1.2mp/bin/../lib/gcc/arm-none-eabi/12.2.1/thumb/v7-m/nofp\libg.a(libc_a-mallocr.o)
                0x20000b40                __malloc_max_total_mem
 .bss.__malloc_max_sbrked_mem
                0x20000b44        0x4 d:/programfiles/amr/12977f~1.2mp/bin/../lib/gcc/arm-none-eabi/12.2.1/thumb/v7-m/nofp\libg.a(libc_a-mallocr.o)
                0x20000b44                __malloc_max_sbrked_mem
 .bss.__malloc_top_pad
                0x20000b48        0x4 d:/programfiles/amr/12977f~1.2mp/bin/../lib/gcc/arm-none-eabi/12.2.1/thumb/v7-m/nofp\libg.a(libc_a-mallocr.o)
                0x20000b48                __malloc_top_pad
 .bss.__atexit0
                0x20000b4c      0x190 d:/programfiles/amr/12977f~1.2mp/bin/../lib/gcc/arm-none-eabi/12.2.1/thumb/v7-m/nofp\libg.a(libc_a-__atexit.o)
                0x20000b4c                __atexit0
 *(COMMON)
                0x20000cdc                        . = ALIGN (0x4)
                0x20000cdc                        _ebss = .
                0x20000cdc                        __bss_end__ = _ebss

._user_heap_stack
                0x20000cdc      0x604 load address 0x0800b8cc
                0x20000ce0                        . = ALIGN (0x8)
 *fill*         0x20000cdc        0x4 
                [!provide]                        PROVIDE (end = .)
                0x20000ce0                        PROVIDE (_end = .)
                0x20000ee0                        . = (. + _Min_Heap_Size)
 *fill*         0x20000ce0      0x200 
                0x200012e0                        . = (. + _Min_Stack_Size)
 *fill*         0x20000ee0      0x400 
                0x200012e0                        . = ALIGN (0x8)

/DISCARD/
 libc.a(*)
 libm.a(*)
 libgcc.a(*)

.ARM.attributes
                0x00000000       0x29
 *(.ARM.attributes)
 .ARM.attributes
                0x00000000       0x1d d:/programfiles/amr/12977f~1.2mp/bin/../lib/gcc/arm-none-eabi/12.2.1/thumb/v7-m/nofp/crti.o
 .ARM.attributes
                0x0000001d       0x2d d:/programfiles/amr/12977f~1.2mp/bin/../lib/gcc/arm-none-eabi/12.2.1/thumb/v7-m/nofp/crtbegin.o
 .ARM.attributes
                0x0000004a       0x2d CMakeFiles/remote_control_nrf.elf.dir/Core/Application/NRF24L01.c.obj
 .ARM.attributes
                0x00000077       0x2d CMakeFiles/remote_control_nrf.elf.dir/Core/Application/UART_DMA.c.obj
 .ARM.attributes
                0x000000a4       0x2d CMakeFiles/remote_control_nrf.elf.dir/Core/Application/adc_analys.c.obj
 .ARM.attributes
                0x000000d1       0x2d CMakeFiles/remote_control_nrf.elf.dir/Core/Application/data.c.obj
 .ARM.attributes
                0x000000fe       0x2d CMakeFiles/remote_control_nrf.elf.dir/Core/Src/adc.c.obj
 .ARM.attributes
                0x0000012b       0x2d CMakeFiles/remote_control_nrf.elf.dir/Core/Src/dma.c.obj
 .ARM.attributes
                0x00000158       0x2d CMakeFiles/remote_control_nrf.elf.dir/Core/Src/gpio.c.obj
 .ARM.attributes
                0x00000185       0x2d CMakeFiles/remote_control_nrf.elf.dir/Core/Src/main.c.obj
 .ARM.attributes
                0x000001b2       0x2d CMakeFiles/remote_control_nrf.elf.dir/Core/Src/spi.c.obj
 .ARM.attributes
                0x000001df       0x2d CMakeFiles/remote_control_nrf.elf.dir/Core/Src/stm32f1xx_hal_msp.c.obj
 .ARM.attributes
                0x0000020c       0x2d CMakeFiles/remote_control_nrf.elf.dir/Core/Src/stm32f1xx_it.c.obj
 .ARM.attributes
                0x00000239       0x2d CMakeFiles/remote_control_nrf.elf.dir/Core/Src/syscalls.c.obj
 .ARM.attributes
                0x00000266       0x2d CMakeFiles/remote_control_nrf.elf.dir/Core/Src/sysmem.c.obj
 .ARM.attributes
                0x00000293       0x2d CMakeFiles/remote_control_nrf.elf.dir/Core/Src/system_stm32f1xx.c.obj
 .ARM.attributes
                0x000002c0       0x2d CMakeFiles/remote_control_nrf.elf.dir/Core/Src/usart.c.obj
 .ARM.attributes
                0x000002ed       0x21 CMakeFiles/remote_control_nrf.elf.dir/Core/Startup/startup_stm32f103c8tx.s.obj
 .ARM.attributes
                0x0000030e       0x2d CMakeFiles/remote_control_nrf.elf.dir/Drivers/STM32F1xx_HAL_Driver/Src/stm32f1xx_hal.c.obj
 .ARM.attributes
                0x0000033b       0x2d CMakeFiles/remote_control_nrf.elf.dir/Drivers/STM32F1xx_HAL_Driver/Src/stm32f1xx_hal_adc.c.obj
 .ARM.attributes
                0x00000368       0x2d CMakeFiles/remote_control_nrf.elf.dir/Drivers/STM32F1xx_HAL_Driver/Src/stm32f1xx_hal_adc_ex.c.obj
 .ARM.attributes
                0x00000395       0x2d CMakeFiles/remote_control_nrf.elf.dir/Drivers/STM32F1xx_HAL_Driver/Src/stm32f1xx_hal_cortex.c.obj
 .ARM.attributes
                0x000003c2       0x2d CMakeFiles/remote_control_nrf.elf.dir/Drivers/STM32F1xx_HAL_Driver/Src/stm32f1xx_hal_dma.c.obj
 .ARM.attributes
                0x000003ef       0x2d CMakeFiles/remote_control_nrf.elf.dir/Drivers/STM32F1xx_HAL_Driver/Src/stm32f1xx_hal_gpio.c.obj
 .ARM.attributes
                0x0000041c       0x2d CMakeFiles/remote_control_nrf.elf.dir/Drivers/STM32F1xx_HAL_Driver/Src/stm32f1xx_hal_rcc.c.obj
 .ARM.attributes
                0x00000449       0x2d CMakeFiles/remote_control_nrf.elf.dir/Drivers/STM32F1xx_HAL_Driver/Src/stm32f1xx_hal_rcc_ex.c.obj
 .ARM.attributes
                0x00000476       0x2d CMakeFiles/remote_control_nrf.elf.dir/Drivers/STM32F1xx_HAL_Driver/Src/stm32f1xx_hal_spi.c.obj
 .ARM.attributes
                0x000004a3       0x2d CMakeFiles/remote_control_nrf.elf.dir/Drivers/STM32F1xx_HAL_Driver/Src/stm32f1xx_hal_uart.c.obj
 .ARM.attributes
                0x000004d0       0x2d d:/programfiles/amr/12977f~1.2mp/bin/../lib/gcc/arm-none-eabi/12.2.1/thumb/v7-m/nofp\libg.a(libc_a-findfp.o)
 .ARM.attributes
                0x000004fd       0x2d d:/programfiles/amr/12977f~1.2mp/bin/../lib/gcc/arm-none-eabi/12.2.1/thumb/v7-m/nofp\libg.a(libc_a-fwalk.o)
 .ARM.attributes
                0x0000052a       0x2d d:/programfiles/amr/12977f~1.2mp/bin/../lib/gcc/arm-none-eabi/12.2.1/thumb/v7-m/nofp\libg.a(libc_a-printf.o)
 .ARM.attributes
                0x00000557       0x2d d:/programfiles/amr/12977f~1.2mp/bin/../lib/gcc/arm-none-eabi/12.2.1/thumb/v7-m/nofp\libg.a(libc_a-puts.o)
 .ARM.attributes
                0x00000584       0x2d d:/programfiles/amr/12977f~1.2mp/bin/../lib/gcc/arm-none-eabi/12.2.1/thumb/v7-m/nofp\libg.a(libc_a-stdio.o)
 .ARM.attributes
                0x000005b1       0x2d d:/programfiles/amr/12977f~1.2mp/bin/../lib/gcc/arm-none-eabi/12.2.1/thumb/v7-m/nofp\libg.a(libc_a-memset.o)
 .ARM.attributes
                0x000005de       0x2d d:/programfiles/amr/12977f~1.2mp/bin/../lib/gcc/arm-none-eabi/12.2.1/thumb/v7-m/nofp\libg.a(libc_a-closer.o)
 .ARM.attributes
                0x0000060b       0x2d d:/programfiles/amr/12977f~1.2mp/bin/../lib/gcc/arm-none-eabi/12.2.1/thumb/v7-m/nofp\libg.a(libc_a-reent.o)
 .ARM.attributes
                0x00000638       0x2d d:/programfiles/amr/12977f~1.2mp/bin/../lib/gcc/arm-none-eabi/12.2.1/thumb/v7-m/nofp\libg.a(libc_a-impure.o)
 .ARM.attributes
                0x00000665       0x2d d:/programfiles/amr/12977f~1.2mp/bin/../lib/gcc/arm-none-eabi/12.2.1/thumb/v7-m/nofp\libg.a(libc_a-lseekr.o)
 .ARM.attributes
                0x00000692       0x2d d:/programfiles/amr/12977f~1.2mp/bin/../lib/gcc/arm-none-eabi/12.2.1/thumb/v7-m/nofp\libg.a(libc_a-readr.o)
 .ARM.attributes
                0x000006bf       0x2d d:/programfiles/amr/12977f~1.2mp/bin/../lib/gcc/arm-none-eabi/12.2.1/thumb/v7-m/nofp\libg.a(libc_a-writer.o)
 .ARM.attributes
                0x000006ec       0x2d d:/programfiles/amr/12977f~1.2mp/bin/../lib/gcc/arm-none-eabi/12.2.1/thumb/v7-m/nofp\libg.a(libc_a-errno.o)
 .ARM.attributes
                0x00000719       0x2d d:/programfiles/amr/12977f~1.2mp/bin/../lib/gcc/arm-none-eabi/12.2.1/thumb/v7-m/nofp\libg.a(libc_a-init.o)
 .ARM.attributes
                0x00000746       0x2d d:/programfiles/amr/12977f~1.2mp/bin/../lib/gcc/arm-none-eabi/12.2.1/thumb/v7-m/nofp\libg.a(libc_a-lock.o)
 .ARM.attributes
                0x00000773       0x2d d:/programfiles/amr/12977f~1.2mp/bin/../lib/gcc/arm-none-eabi/12.2.1/thumb/v7-m/nofp\libg.a(libc_a-strlen-stub.o)
 .ARM.attributes
                0x000007a0       0x2d d:/programfiles/amr/12977f~1.2mp/bin/../lib/gcc/arm-none-eabi/12.2.1/thumb/v7-m/nofp\libg.a(libc_a-__call_atexit.o)
 .ARM.attributes
                0x000007cd       0x2d d:/programfiles/amr/12977f~1.2mp/bin/../lib/gcc/arm-none-eabi/12.2.1/thumb/v7-m/nofp\libg.a(libc_a-atexit.o)
 .ARM.attributes
                0x000007fa       0x2d d:/programfiles/amr/12977f~1.2mp/bin/../lib/gcc/arm-none-eabi/12.2.1/thumb/v7-m/nofp\libg.a(libc_a-freer.o)
 .ARM.attributes
                0x00000827       0x2d d:/programfiles/amr/12977f~1.2mp/bin/../lib/gcc/arm-none-eabi/12.2.1/thumb/v7-m/nofp\libg.a(libc_a-mallocr.o)
 .ARM.attributes
                0x00000854       0x2d d:/programfiles/amr/12977f~1.2mp/bin/../lib/gcc/arm-none-eabi/12.2.1/thumb/v7-m/nofp\libg.a(libc_a-mlock.o)
 .ARM.attributes
                0x00000881       0x2d d:/programfiles/amr/12977f~1.2mp/bin/../lib/gcc/arm-none-eabi/12.2.1/thumb/v7-m/nofp\libg.a(libc_a-vfprintf.o)
 .ARM.attributes
                0x000008ae       0x2d d:/programfiles/amr/12977f~1.2mp/bin/../lib/gcc/arm-none-eabi/12.2.1/thumb/v7-m/nofp\libg.a(libc_a-vfiprintf.o)
 .ARM.attributes
                0x000008db       0x2d d:/programfiles/amr/12977f~1.2mp/bin/../lib/gcc/arm-none-eabi/12.2.1/thumb/v7-m/nofp\libg.a(libc_a-fclose.o)
 .ARM.attributes
                0x00000908       0x2d d:/programfiles/amr/12977f~1.2mp/bin/../lib/gcc/arm-none-eabi/12.2.1/thumb/v7-m/nofp\libg.a(libc_a-fflush.o)
 .ARM.attributes
                0x00000935       0x2d d:/programfiles/amr/12977f~1.2mp/bin/../lib/gcc/arm-none-eabi/12.2.1/thumb/v7-m/nofp\libg.a(libc_a-fvwrite.o)
 .ARM.attributes
                0x00000962       0x2d d:/programfiles/amr/12977f~1.2mp/bin/../lib/gcc/arm-none-eabi/12.2.1/thumb/v7-m/nofp\libg.a(libc_a-wsetup.o)
 .ARM.attributes
                0x0000098f       0x2d d:/programfiles/amr/12977f~1.2mp/bin/../lib/gcc/arm-none-eabi/12.2.1/thumb/v7-m/nofp\libg.a(libc_a-fputwc.o)
 .ARM.attributes
                0x000009bc       0x2d d:/programfiles/amr/12977f~1.2mp/bin/../lib/gcc/arm-none-eabi/12.2.1/thumb/v7-m/nofp\libg.a(libc_a-memmove.o)
 .ARM.attributes
                0x000009e9       0x2d d:/programfiles/amr/12977f~1.2mp/bin/../lib/gcc/arm-none-eabi/12.2.1/thumb/v7-m/nofp\libg.a(libc_a-strncpy.o)
 .ARM.attributes
                0x00000a16       0x2d d:/programfiles/amr/12977f~1.2mp/bin/../lib/gcc/arm-none-eabi/12.2.1/thumb/v7-m/nofp\libg.a(libc_a-locale.o)
 .ARM.attributes
                0x00000a43       0x2d d:/programfiles/amr/12977f~1.2mp/bin/../lib/gcc/arm-none-eabi/12.2.1/thumb/v7-m/nofp\libg.a(libc_a-localeconv.o)
 .ARM.attributes
                0x00000a70       0x2d d:/programfiles/amr/12977f~1.2mp/bin/../lib/gcc/arm-none-eabi/12.2.1/thumb/v7-m/nofp\libg.a(libc_a-sbrkr.o)
 .ARM.attributes
                0x00000a9d       0x2d d:/programfiles/amr/12977f~1.2mp/bin/../lib/gcc/arm-none-eabi/12.2.1/thumb/v7-m/nofp\libg.a(libc_a-fini.o)
 .ARM.attributes
                0x00000aca       0x2d d:/programfiles/amr/12977f~1.2mp/bin/../lib/gcc/arm-none-eabi/12.2.1/thumb/v7-m/nofp\libg.a(libc_a-sysconf.o)
 .ARM.attributes
                0x00000af7       0x2d d:/programfiles/amr/12977f~1.2mp/bin/../lib/gcc/arm-none-eabi/12.2.1/thumb/v7-m/nofp\libg.a(libc_a-memchr-stub.o)
 .ARM.attributes
                0x00000b24       0x1b d:/programfiles/amr/12977f~1.2mp/bin/../lib/gcc/arm-none-eabi/12.2.1/thumb/v7-m/nofp\libg.a(libc_a-memcpy.o)
 .ARM.attributes
                0x00000b3f       0x2d d:/programfiles/amr/12977f~1.2mp/bin/../lib/gcc/arm-none-eabi/12.2.1/thumb/v7-m/nofp\libg.a(libm_a-s_frexp.o)
 .ARM.attributes
                0x00000b6c       0x2d d:/programfiles/amr/12977f~1.2mp/bin/../lib/gcc/arm-none-eabi/12.2.1/thumb/v7-m/nofp\libg.a(libc_a-__atexit.o)
 .ARM.attributes
                0x00000b99       0x2d d:/programfiles/amr/12977f~1.2mp/bin/../lib/gcc/arm-none-eabi/12.2.1/thumb/v7-m/nofp\libg.a(libc_a-dtoa.o)
 .ARM.attributes
                0x00000bc6       0x2d d:/programfiles/amr/12977f~1.2mp/bin/../lib/gcc/arm-none-eabi/12.2.1/thumb/v7-m/nofp\libg.a(libc_a-mbtowc_r.o)
 .ARM.attributes
                0x00000bf3       0x2d d:/programfiles/amr/12977f~1.2mp/bin/../lib/gcc/arm-none-eabi/12.2.1/thumb/v7-m/nofp\libg.a(libc_a-mprec.o)
 .ARM.attributes
                0x00000c20       0x2d d:/programfiles/amr/12977f~1.2mp/bin/../lib/gcc/arm-none-eabi/12.2.1/thumb/v7-m/nofp\libg.a(libc_a-reallocr.o)
 .ARM.attributes
                0x00000c4d       0x2d d:/programfiles/amr/12977f~1.2mp/bin/../lib/gcc/arm-none-eabi/12.2.1/thumb/v7-m/nofp\libg.a(libc_a-wctomb_r.o)
 .ARM.attributes
                0x00000c7a       0x2d d:/programfiles/amr/12977f~1.2mp/bin/../lib/gcc/arm-none-eabi/12.2.1/thumb/v7-m/nofp\libg.a(libc_a-wcrtomb.o)
 .ARM.attributes
                0x00000ca7       0x2d d:/programfiles/amr/12977f~1.2mp/bin/../lib/gcc/arm-none-eabi/12.2.1/thumb/v7-m/nofp\libg.a(libc_a-wcsrtombs.o)
 .ARM.attributes
                0x00000cd4       0x2d d:/programfiles/amr/12977f~1.2mp/bin/../lib/gcc/arm-none-eabi/12.2.1/thumb/v7-m/nofp\libg.a(libc_a-ctype_.o)
 .ARM.attributes
                0x00000d01       0x2d d:/programfiles/amr/12977f~1.2mp/bin/../lib/gcc/arm-none-eabi/12.2.1/thumb/v7-m/nofp\libg.a(libc_a-makebuf.o)
 .ARM.attributes
                0x00000d2e       0x2d d:/programfiles/amr/12977f~1.2mp/bin/../lib/gcc/arm-none-eabi/12.2.1/thumb/v7-m/nofp\libg.a(libc_a-wbuf.o)
 .ARM.attributes
                0x00000d5b       0x2d d:/programfiles/amr/12977f~1.2mp/bin/../lib/gcc/arm-none-eabi/12.2.1/thumb/v7-m/nofp\libg.a(libc_a-fstatr.o)
 .ARM.attributes
                0x00000d88       0x2d d:/programfiles/amr/12977f~1.2mp/bin/../lib/gcc/arm-none-eabi/12.2.1/thumb/v7-m/nofp\libg.a(libc_a-isattyr.o)
 .ARM.attributes
                0x00000db5       0x2d d:/programfiles/amr/12977f~1.2mp/bin/../lib/gcc/arm-none-eabi/12.2.1/thumb/v7-m/nofp\libg.a(libc_a-assert.o)
 .ARM.attributes
                0x00000de2       0x2d d:/programfiles/amr/12977f~1.2mp/bin/../lib/gcc/arm-none-eabi/12.2.1/thumb/v7-m/nofp\libg.a(libc_a-callocr.o)
 .ARM.attributes
                0x00000e0f       0x2d d:/programfiles/amr/12977f~1.2mp/bin/../lib/gcc/arm-none-eabi/12.2.1/thumb/v7-m/nofp\libg.a(libc_a-wcsnrtombs.o)
 .ARM.attributes
                0x00000e3c       0x2d d:/programfiles/amr/12977f~1.2mp/bin/../lib/gcc/arm-none-eabi/12.2.1/thumb/v7-m/nofp\libg.a(libc_a-fiprintf.o)
 .ARM.attributes
                0x00000e69       0x2d d:/programfiles/amr/12977f~1.2mp/bin/../lib/gcc/arm-none-eabi/12.2.1/thumb/v7-m/nofp\libg.a(libc_a-abort.o)
 .ARM.attributes
                0x00000e96       0x2d d:/programfiles/amr/12977f~1.2mp/bin/../lib/gcc/arm-none-eabi/12.2.1/thumb/v7-m/nofp\libg.a(libc_a-signal.o)
 .ARM.attributes
                0x00000ec3       0x2d d:/programfiles/amr/12977f~1.2mp/bin/../lib/gcc/arm-none-eabi/12.2.1/thumb/v7-m/nofp\libg.a(libc_a-signalr.o)
 .ARM.attributes
                0x00000ef0       0x1d d:/programfiles/amr/12977f~1.2mp/bin/../lib/gcc/arm-none-eabi/12.2.1/thumb/v7-m/nofp\libgcc.a(_arm_addsubdf3.o)
 .ARM.attributes
                0x00000f0d       0x1d d:/programfiles/amr/12977f~1.2mp/bin/../lib/gcc/arm-none-eabi/12.2.1/thumb/v7-m/nofp\libgcc.a(_arm_muldivdf3.o)
 .ARM.attributes
                0x00000f2a       0x1d d:/programfiles/amr/12977f~1.2mp/bin/../lib/gcc/arm-none-eabi/12.2.1/thumb/v7-m/nofp\libgcc.a(_arm_cmpdf2.o)
 .ARM.attributes
                0x00000f47       0x1d d:/programfiles/amr/12977f~1.2mp/bin/../lib/gcc/arm-none-eabi/12.2.1/thumb/v7-m/nofp\libgcc.a(_arm_unorddf2.o)
 .ARM.attributes
                0x00000f64       0x1d d:/programfiles/amr/12977f~1.2mp/bin/../lib/gcc/arm-none-eabi/12.2.1/thumb/v7-m/nofp\libgcc.a(_arm_fixdfsi.o)
 .ARM.attributes
                0x00000f81       0x2d d:/programfiles/amr/12977f~1.2mp/bin/../lib/gcc/arm-none-eabi/12.2.1/thumb/v7-m/nofp/crtend.o
 .ARM.attributes
                0x00000fae       0x1d d:/programfiles/amr/12977f~1.2mp/bin/../lib/gcc/arm-none-eabi/12.2.1/thumb/v7-m/nofp/crtn.o
OUTPUT(remote_control_nrf.elf elf32-littlearm)
LOAD linker stubs
LOAD d:/programfiles/amr/12977f~1.2mp/bin/../lib/gcc/arm-none-eabi/12.2.1/thumb/v7-m/nofp\libc.a
LOAD d:/programfiles/amr/12977f~1.2mp/bin/../lib/gcc/arm-none-eabi/12.2.1/thumb/v7-m/nofp\libm.a
LOAD d:/programfiles/amr/12977f~1.2mp/bin/../lib/gcc/arm-none-eabi/12.2.1/thumb/v7-m/nofp\libgcc.a

.debug_info     0x00000000    0x1288f
 .debug_info    0x00000000     0x1841 CMakeFiles/remote_control_nrf.elf.dir/Core/Application/NRF24L01.c.obj
 .debug_info    0x00001841      0x93a CMakeFiles/remote_control_nrf.elf.dir/Core/Application/UART_DMA.c.obj
 .debug_info    0x0000217b      0x7e7 CMakeFiles/remote_control_nrf.elf.dir/Core/Application/adc_analys.c.obj
 .debug_info    0x00002962      0x7a3 CMakeFiles/remote_control_nrf.elf.dir/Core/Application/data.c.obj
 .debug_info    0x00003105      0x928 CMakeFiles/remote_control_nrf.elf.dir/Core/Src/adc.c.obj
 .debug_info    0x00003a2d      0x362 CMakeFiles/remote_control_nrf.elf.dir/Core/Src/dma.c.obj
 .debug_info    0x00003d8f      0x407 CMakeFiles/remote_control_nrf.elf.dir/Core/Src/gpio.c.obj
 .debug_info    0x00004196     0x1645 CMakeFiles/remote_control_nrf.elf.dir/Core/Src/main.c.obj
 .debug_info    0x000057db      0x82e CMakeFiles/remote_control_nrf.elf.dir/Core/Src/spi.c.obj
 .debug_info    0x00006009      0x1fb CMakeFiles/remote_control_nrf.elf.dir/Core/Src/stm32f1xx_hal_msp.c.obj
 .debug_info    0x00006204      0x751 CMakeFiles/remote_control_nrf.elf.dir/Core/Src/stm32f1xx_it.c.obj
 .debug_info    0x00006955      0x783 CMakeFiles/remote_control_nrf.elf.dir/Core/Src/syscalls.c.obj
 .debug_info    0x000070d8      0x171 CMakeFiles/remote_control_nrf.elf.dir/Core/Src/sysmem.c.obj
 .debug_info    0x00007249      0x22d CMakeFiles/remote_control_nrf.elf.dir/Core/Src/system_stm32f1xx.c.obj
 .debug_info    0x00007476      0xc1e CMakeFiles/remote_control_nrf.elf.dir/Core/Src/usart.c.obj
 .debug_info    0x00008094       0x30 CMakeFiles/remote_control_nrf.elf.dir/Core/Startup/startup_stm32f103c8tx.s.obj
 .debug_info    0x000080c4      0x7a2 CMakeFiles/remote_control_nrf.elf.dir/Drivers/STM32F1xx_HAL_Driver/Src/stm32f1xx_hal.c.obj
 .debug_info    0x00008866      0xed9 CMakeFiles/remote_control_nrf.elf.dir/Drivers/STM32F1xx_HAL_Driver/Src/stm32f1xx_hal_adc.c.obj
 .debug_info    0x0000973f      0xc3a CMakeFiles/remote_control_nrf.elf.dir/Drivers/STM32F1xx_HAL_Driver/Src/stm32f1xx_hal_adc_ex.c.obj
 .debug_info    0x0000a379      0xcad CMakeFiles/remote_control_nrf.elf.dir/Drivers/STM32F1xx_HAL_Driver/Src/stm32f1xx_hal_cortex.c.obj